Armbian_community_[0-9].*-trunk.[0-9].*_Aml-s9xx-box_bookworm_current_[0-9]*.[0-9]*.[0-9]*_gnome_desktop.img.xz
Armbian_community_[0-9].*-trunk.[0-9].*_Aml-s9xx-box_noble_current_[0-9]*.[0-9]*.[0-9]*_gnome_desktop.img.xz
avaota-a1/archive/Armbian_[0-9].*Avaota-a1_bookworm_legacy_[0-9]*.[0-9]*.[0-9]*_minimal.img.xz
avaota-a1/archive/Armbian_[0-9].*Avaota-a1_noble_legacy_[0-9]*.[0-9]*.[0-9]*_xfce_desktop.img.xz
bananapicm4io/archive/Armbian_[0-9].*Bananapicm4io_bookworm_current_[0-9]*.[0-9]*.[0-9]*_minimal.img.xz
bananapicm4io/archive/Armbian_[0-9].*Bananapicm4io_noble_current_[0-9]*.[0-9]*.[0-9]*_gnome-kisak_desktop.img.xz
bananapif3/archive/Armbian_[0-9].*Bananapif3_noble_legacy_[0-9]*.[0-9]*.[0-9]*_minimal.img.xz
bananapif3/archive/Armbian_[0-9].*Bananapif3_sid_legacy_[0-9]*.[0-9]*.[0-9]*_minimal.img.xz
bananapim2pro/archive/Armbian_[0-9].*Bananapim2pro_bookworm_current_[0-9]*.[0-9]*.[0-9]*_minimal.img.xz
bananapim2pro/archive/Armbian_[0-9].*Bananapim2pro_noble_current_[0-9]*.[0-9]*.[0-9]*_gnome-kisak_desktop.img.xz
bananapim2s/archive/Armbian_[0-9].*Bananapim2s_bookworm_current_[0-9]*.[0-9]*.[0-9]*_minimal.img.xz
bananapim2s/archive/Armbian_[0-9].*Bananapim2s_noble_current_[0-9]*.[0-9]*.[0-9]*_gnome-kisak_desktop.img.xz
bananapim4zero/archive/Armbian_[0-9].*Bananapim4zero_bookworm_current_[0-9]*.[0-9]*.[0-9]*_minimal.img.xz
bananapim4zero/archive/Armbian_[0-9].*Bananapim4zero_noble_current_[0-9]*.[0-9]*.[0-9]*_gnome-kisak_desktop.img.xz
bananapim5/archive/Armbian_[0-9].*Bananapim5_noble_current_[0-9]*.[0-9]*.[0-9]*_gnome-kisak_desktop.img.xz
bananapim5/archive/Armbian_[0-9].*Bananapim5_bookworm_current_[0-9]*.[0-9]*.[0-9]*_minimal.img.xz
bananapim7/archive/Armbian_[0-9].*Bananapim7_noble_vendor_[0-9]*.[0-9]*.[0-9]*_gnome-kisak_desktop.img.xz
bananapim7/archive/Armbian_[0-9].*Bananapim7_bookworm_vendor_[0-9]*.[0-9]*.[0-9]*_minimal.img.xz
bigtreetech-cb1/archive/Armbian_[0-9].*Bigtreetech-cb1_noble_current_[0-9]*.[0-9]*.[0-9]*_xfce_desktop.img.xz
bigtreetech-cb1/archive/Armbian_[0-9].*Bigtreetech-cb1_bookworm_current_[0-9]*.[0-9]*.[0-9]*_minimal.img.xz
helios64/archive/Armbian_[0-9].*Helios64_bookworm_current_[0-9]*.[0-9]*.[0-9]*_minimal.img.xz
helios64/archive/Armbian_[0-9].*Helios64_noble_current_[0-9]*.[0-9]*.[0-9]*.img.xz
inovato-quadra/archive/Armbian_[0-9].*Inovato-quadra_bookworm_current_[0-9]*.[0-9]*.[0-9]*_minimal.img.xz
inovato-quadra/archive/Armbian_[0-9].*Inovato-quadra_noble_current_[0-9]*.[0-9]*.[0-9]*_xfce_desktop.img.xz
jethubj200/archive/Armbian_[0-9].*Jethubj200_bookworm_current_[0-9]*.[0-9]*.[0-9]*.img.xz
jethubj200/archive/Armbian_[0-9].*Jethubj200_noble_current_[0-9]*.[0-9]*.[0-9]*_xfce_desktop.img.xz
jethubj100/archive/Armbian_[0-9].*Jethubj100_bookworm_current_[0-9]*.[0-9]*.[0-9]*.img.xz
jethubj100/archive/Armbian_[0-9].*Jethubj100_noble_current_[0-9]*.[0-9]*.[0-9]*.img.xz
jethubj80/archive/Armbian_[0-9].*Jethubj80_noble_current_[0-9]*.[0-9]*.[0-9]*.img.xz
jethubj80/archive/Armbian_[0-9].*Jethubj80_bookworm_current_[0-9]*.[0-9]*.[0-9]*.img.xz
khadas-edge2/archive/Armbian_[0-9].*Khadas-edge2_bookworm_vendor_[0-9]*.[0-9]*.[0-9]*_minimal.oowow.img.xz
khadas-edge2/archive/Armbian_[0-9].*Khadas-edge2_noble_vendor_[0-9]*.[0-9]*.[0-9]*_gnome-kisak_desktop.oowow.img.xz
khadas-vim1/archive/Armbian_[0-9].*Khadas-vim1_bookworm_current_[0-9]*.[0-9]*.[0-9]*_minimal.img.xz
khadas-vim1/archive/Armbian_[0-9].*Khadas-vim1_noble_current_[0-9]*.[0-9]*.[0-9]*_gnome-kisak_desktop.img.xz
khadas-vim1s/archive/Armbian_[0-9].*Khadas-vim1s_bookworm_legacy_[0-9]*.[0-9]*.[0-9]*_minimal.oowow.img.xz
khadas-vim1s/archive/Armbian_[0-9].*Khadas-vim1s_noble_legacy_[0-9]*.[0-9]*.[0-9]*_gnome_desktop.oowow.img.xz
khadas-vim2/archive/Armbian_[0-9].*Khadas-vim2_bookworm_current_[0-9]*.[0-9]*.[0-9]*_minimal.img.xz
khadas-vim2/archive/Armbian_[0-9].*Khadas-vim2_noble_current_[0-9]*.[0-9]*.[0-9]*_gnome-kisak_desktop.img.xz
khadas-vim3/archive/Armbian_[0-9].*Khadas-vim3_bookworm_current_[0-9]*.[0-9]*.[0-9]*_minimal.oowow.img.xz
khadas-vim3/archive/Armbian_[0-9].*Khadas-vim3_noble_current_[0-9]*.[0-9]*.[0-9]*_gnome-kisak_desktop.oowow.img.xz
khadas-vim3l/archive/Armbian_[0-9].*Khadas-vim3l_bookworm_current_[0-9]*.[0-9]*.[0-9]*_minimal.oowow.img.xz
khadas-vim3l/archive/Armbian_[0-9].*Khadas-vim3l_noble_current_[0-9]*.[0-9]*.[0-9]*_gnome-kisak_desktop.oowow.img.xz
khadas-vim4/archive/Armbian_[0-9].*Khadas-vim4_bookworm_legacy_[0-9]*.[0-9]*.[0-9]*_minimal.oowow.img.xz
khadas-vim4/archive/Armbian_[0-9].*Khadas-vim4_noble_legacy_[0-9]*.[0-9]*.[0-9]*_gnome_desktop.oowow.img.xz
lafrite/archive/Armbian_[0-9].*Lafrite_noble_current_[0-9]*.[0-9]*.[0-9]*_gnome-kisak_desktop.img.xz
lafrite/archive/Armbian_[0-9].*Lafrite_bookworm_current_[0-9]*.[0-9]*.[0-9]*_minimal.img.xz
lepotato/archive/Armbian_[0-9].*Lepotato_noble_current_[0-9]*.[0-9]*.[0-9]*_gnome-kisak_desktop.img.xz
lepotato/archive/Armbian_[0-9].*Lepotato_bookworm_current_[0-9]*.[0-9]*.[0-9]*_minimal.img.xz
thinkpad-x13s/archive/Armbian_[0-9].*Thinkpad-x13s_trixie_sc8280xp_[0-9]*.[0-9]*.[0-9]*_gnome_desktop.img.xz
thinkpad-x13s/archive/Armbian_[0-9].*Thinkpad-x13s_noble_sc8280xp_[0-9]*.[0-9]*.[0-9]*_gnome_desktop.img.xz
nanopi-r4s/archive/Armbian_[0-9].*Nanopi-r4s_bookworm_current_[0-9]*.[0-9]*.[0-9]*_minimal.img.xz
nanopi-r4s/archive/Armbian_[0-9].*Nanopi-r4s_noble_current_[0-9]*.[0-9]*.[0-9]*.img.xz
odroidc2/archive/Armbian_[0-9].*Odroidc2_bookworm_current_[0-9]*.[0-9]*.[0-9]*_minimal.img.xz
odroidc2/archive/Armbian_[0-9].*Odroidc2_noble_current_[0-9]*.[0-9]*.[0-9]*_gnome-kisak_desktop.img.xz
odroidc4/archive/Armbian_[0-9].*Odroidc4_bookworm_current_[0-9]*.[0-9]*.[0-9]*_minimal.img.xz
odroidc4/archive/Armbian_[0-9].*Odroidc4_noble_current_[0-9]*.[0-9]*.[0-9]*_xfce_desktop.img.xz
odroidhc4/archive/Armbian_[0-9].*Odroidhc4_bookworm_current_[0-9]*.[0-9]*.[0-9]*_minimal.img.xz
odroidhc4/archive/Armbian_[0-9].*Odroidhc4_noble_current_[0-9]*.[0-9]*.[0-9]*_xfce_desktop.img.xz
odroidm1/archive/Armbian_[0-9].*Odroidm1_bookworm_current_[0-9]*.[0-9]*.[0-9]*_minimal.img.xz
odroidm1/archive/Armbian_[0-9].*Odroidm1_noble_current_[0-9]*.[0-9]*.[0-9]*_gnome-kisak_desktop.img.xz
odroidn2/archive/Armbian_[0-9].*Odroidn2_bookworm_current_[0-9]*.[0-9]*.[0-9]*_minimal.img.xz
odroidn2/archive/Armbian_[0-9].*Odroidn2_noble_current_[0-9]*.[0-9]*.[0-9]*_gnome-kisak_desktop.img.xz
odroidxu4/archive/Armbian_[0-9].*Odroidxu4_bookworm_current_[0-9]*.[0-9]*.[0-9]*_minimal.img.xz
odroidxu4/archive/Armbian_[0-9].*Odroidxu4_bookworm_current_[0-9]*.[0-9]*.[0-9]*_xfce_desktop.img.xz
olimex-teres-a64/archive/Armbian_[0-9].*Olimex-teres-a64_bookworm_current_[0-9]*.[0-9]*.[0-9]*_xfce_desktop.img.xz
olimex-teres-a64/archive/Armbian_[0-9].*Olimex-teres-a64_noble_current_[0-9]*.[0-9]*.[0-9]*_gnome_desktop.img.xz
orangepi4-lts/archive/Armbian_[0-9].*Orangepi4-lts_bookworm_current_[0-9]*.[0-9]*.[0-9]*_minimal.img.xz
orangepi4-lts/archive/Armbian_[0-9].*Orangepi4-lts_noble_current_[0-9]*.[0-9]*.[0-9]*_gnome-kisak_desktop.img.xz
orangepi3b/archive/Armbian_[0-9].*Orangepi3b_bookworm_vendor_[0-9]*.[0-9]*.[0-9]*_minimal.img.xz
orangepi3b/archive/Armbian_[0-9].*Orangepi3b_noble_vendor_[0-9]*.[0-9]*.[0-9]*_gnome-kisak_desktop.img.xz
orangepi5/archive/Armbian_[0-9].*Orangepi5_bookworm_vendor_[0-9]*.[0-9]*.[0-9]*_minimal.img.xz
orangepi5/archive/Armbian_[0-9].*Orangepi5_noble_vendor_[0-9]*.[0-9]*.[0-9]*_gnome-kisak_desktop.img.xz
orangepi5-plus/archive/Armbian_[0-9].*Orangepi5-plus_bookworm_vendor_[0-9]*.[0-9]*.[0-9]*_minimal.img.xz
orangepi5-plus/archive/Armbian_[0-9].*Orangepi5-plus_noble_vendor_[0-9]*.[0-9]*.[0-9]*_gnome-kisak_desktop.img.xz
orangepi5pro/archive/Armbian_[0-9].*Orangepi5pro_bookworm_vendor_[0-9]*.[0-9]*.[0-9]*_minimal.img.xz
orangepi5pro/archive/Armbian_[0-9].*Orangepi5pro_noble_vendor_[0-9]*.[0-9]*.[0-9]*_kde-neon-kisak_desktop.img.xz
orangepione/archive/Armbian_[0-9].*Orangepione_bookworm_current_[0-9]*.[0-9]*.[0-9]*_minimal.img.xz
orangepione/archive/Armbian_[0-9].*Orangepione_jammy_current_[0-9]*.[0-9]*.[0-9]*.img.xz
orangepizero2/archive/Armbian_[0-9].*Orangepizero2_bookworm_current_[0-9]*.[0-9]*.[0-9]*_minimal.img.xz
orangepizero2/archive/Armbian_[0-9].*Orangepizero2_noble_current_[0-9]*.[0-9]*.[0-9]*_xfce_desktop.img.xz
orangepizero2w/archive/Armbian_[0-9].*Orangepizero2w_bookworm_current_[0-9]*.[0-9]*.[0-9]*_minimal.img.xz
orangepizero2w/archive/Armbian_[0-9].*Orangepizero2w_bookworm_current_[0-9]*.[0-9]*.[0-9]*_xfce_desktop.img.xz
orangepizeroplus/archive/Armbian_[0-9].*Orangepizeroplus_bookworm_current_[0-9]*.[0-9]*.[0-9]*.img.xz
orangepizeroplus/archive/Armbian_[0-9].*Orangepizeroplus_jammy_current_[0-9]*.[0-9]*.[0-9]*.img.xz
phytiumpi/archive/Armbian_[0-9].*Phytiumpi_bookworm_legacy_[0-9]*.[0-9]*.[0-9]*_minimal.img.xz
phytiumpi/archive/Armbian_[0-9].*Phytiumpi_noble_legacy_[0-9]*.[0-9]*.[0-9]*_xfce_desktop.img.xz
pine64/archive/Armbian_[0-9].*Pine64_bookworm_current_[0-9]*.[0-9]*.[0-9]*_minimal.img.xz
pine64/archive/Armbian_[0-9].*Pine64_noble_current_[0-9]*.[0-9]*.[0-9]*_gnome-kisak_desktop.img.xz
pinebook-pro/archive/Armbian_[0-9].*Pinebook-pro_bookworm_current_[0-9]*.[0-9]*.[0-9]*_minimal.img.xz
pinebook-pro/archive/Armbian_[0-9].*Pinebook-pro_noble_current_[0-9]*.[0-9]*.[0-9]*_gnome-kisak_desktop.img.xz
rock-s0/archive/Armbian_[0-9].*Rock-s0_bookworm_current_[0-9]*.[0-9]*.[0-9]*_minimal.img.xz
rock-s0/archive/Armbian_[0-9].*Rock-s0_noble_current_[0-9]*.[0-9]*.[0-9]*.img.xz
rockpi-e/archive/Armbian_[0-9].*Rockpi-e_bookworm_current_[0-9]*.[0-9]*.[0-9]*_minimal.img.xz
rockpi-e/archive/Armbian_[0-9].*Rockpi-e_noble_current_[0-9]*.[0-9]*.[0-9]*.img.xz
rockpi-s/archive/Armbian_[0-9].*Rockpi-s_bookworm_current_[0-9]*.[0-9]*.[0-9]*_minimal.img.xz
rockpi-s/archive/Armbian_[0-9].*Rockpi-s_noble_current_[0-9]*.[0-9]*.[0-9]*.img.xz
rock-5c/archive/Armbian_[0-9].*Rock-5c_noble_vendor_[0-9]*.[0-9]*.[0-9]*_gnome-kisak_desktop.img.xz
rock-5c/archive/Armbian_[0-9].*Rock-5c_bookworm_vendor_[0-9]*.[0-9]*.[0-9]*_minimal.img.xz
rock-5-itx/archive/Armbian_[0-9].*Rock-5-itx_noble_vendor_[0-9]*.[0-9]*.[0-9]*_gnome-kisak_desktop.img.xz
rock-5-itx/archive/Armbian_[0-9].*Rock-5-itx_bookworm_vendor_[0-9]*.[0-9]*.[0-9]*_minimal.img.xz
radxa-zero/archive/Armbian_[0-9].*Radxa-zero_bookworm_current_[0-9]*.[0-9]*.[0-9]*_minimal.img.xz
radxa-zero/archive/Armbian_[0-9].*Radxa-zero_noble_current_[0-9]*.[0-9]*.[0-9]*.img.xz
radxa-zero3/archive/Armbian_[0-9].*Radxa-zero3_bookworm_vendor_[0-9]*.[0-9]*.[0-9]*_minimal.img.xz
radxa-zero3/archive/Armbian_[0-9].*Radxa-zero3_noble_vendor_[0-9]*.[0-9]*.[0-9]*.img.xz
renegade/archive/Armbian_[0-9].*Renegade_bookworm_current_[0-9]*.[0-9]*.[0-9]*_minimal.img.xz
renegade/archive/Armbian_[0-9].*Renegade_noble_current_[0-9]*.[0-9]*.[0-9]*_gnome-kisak_desktop.img.xz
rockpro64/archive/Armbian_[0-9].*Rockpro64_bookworm_current_[0-9]*.[0-9]*.[0-9]*_minimal.img.xz
rockpro64/archive/Armbian_[0-9].*Rockpro64_noble_current_[0-9]*.[0-9]*.[0-9]*_gnome-kisak_desktop.img.xz
rpi4b/archive/Armbian_[0-9].*Rpi4b_bookworm_current_[0-9]*.[0-9]*.[0-9]*_minimal.img.xz
rpi4b/archive/Armbian_[0-9].*Rpi4b_noble_current_[0-9]*.[0-9]*.[0-9]*_gnome_desktop.img.xz
sk-am62b/archive/Armbian_[0-9].*Sk-am62b_bookworm_edge_[0-9]*.[0-9]*.[0-9]*_minimal.img.xz
sk-am62b/archive/Armbian_[0-9].*Sk-am62b_noble_edge_[0-9]*.[0-9]*.[0-9]*.img.xz
sk-am64b/archive/Armbian_[0-9].*Sk-am64b_bookworm_current_[0-9]*.[0-9]*.[0-9]*_minimal.img.xz
sk-am64b/archive/Armbian_[0-9].*Sk-am64b_noble_current_[0-9]*.[0-9]*.[0-9]*.img.xz
sk-am68/archive/Armbian_[0-9].*Sk-am68_bookworm_current_[0-9]*.[0-9]*.[0-9]*_minimal.img.xz
sk-am68/archive/Armbian_[0-9].*Sk-am68_noble_current_[0-9]*.[0-9]*.[0-9]*_gnome_desktop.img.xz
sk-tda4vm/archive/Armbian_[0-9].*Sk-tda4vm_bookworm_current_[0-9]*.[0-9]*.[0-9]*_minimal.img.xz
sk-tda4vm/archive/Armbian_[0-9].*Sk-tda4vm_noble_current_[0-9]*.[0-9]*.[0-9]*_gnome_desktop.img.xz
tinkerboard/archive/Armbian_[0-9].*Tinkerboard_bookworm_current_[0-9]*.[0-9]*.[0-9]*_minimal.img.xz
tinkerboard/archive/Armbian_[0-9].*Tinkerboard_noble_current_[0-9]*.[0-9]*.[0-9]*_xfce_desktop.img.xz
tritium-h3/archive/Armbian_[0-9].*Tritium-h3_noble_current_[0-9]*.[0-9]*.[0-9]*_minimal.img.xz
tritium-h3/archive/Armbian_[0-9].*Tritium-h3_bookworm_current_[0-9]*.[0-9]*.[0-9]*_minimal.img.xz
tritium-h5/archive/Armbian_[0-9].*Tritium-h5_bookworm_current_[0-9]*.[0-9]*.[0-9]*_minimal.img.xz
tritium-h5/archive/Armbian_[0-9].*Tritium-h5_noble_current_[0-9]*.[0-9]*.[0-9]*_gnome_desktop.img.xz
uefi-riscv64/archive/Armbian_[0-9].*Uefi-riscv64_noble_current_[0-9]*.[0-9]*.[0-9]*_minimal.img.xz
uefi-riscv64/archive/Armbian_[0-9].*Uefi-riscv64_noble_current_[0-9]*.[0-9]*.[0-9]*_xfce_desktop.img.xz
uefi-arm64/archive/Armbian_[0-9].*Uefi-arm64_bookworm_current_[0-9]*.[0-9]*.[0-9]*_minimal.img.xz
uefi-arm64/archive/Armbian_[0-9].*Uefi-arm64_noble_current_[0-9]*.[0-9]*.[0-9]*_gnome-kisak_desktop.img.xz
uefi-x86/archive/Armbian_[0-9].*Uefi-x86_bookworm_current_[0-9]*.[0-9]*.[0-9]*_minimal.img.xz
uefi-x86/archive/Armbian_[0-9].*Uefi-x86_noble_current_[0-9]*.[0-9]*.[0-9]*_gnome-kisak_desktop.img.xz
xiaomi-umi/archive/Armbian_[0-9].*Xiaomi-umi_noble_current_[0-9]*.[0-9]*.[0-9]*_gnome_desktop.rootfs.img.xz
xiaomi-umi/archive/Armbian_[0-9].*Xiaomi-umi_trixie_current_[0-9]*.[0-9]*.[0-9]*_gnome_desktop.rootfs.img.xz
xiaomi-elish/archive/Armbian_[0-9].*Xiaomi-elish_noble_current_[0-9]*.[0-9]*.[0-9]*_gnome_desktop.rootfs.img.xz
xiaomi-elish/archive/Armbian_[0-9].*Xiaomi-elish_trixie_current_[0-9]*.[0-9]*.[0-9]*_gnome_desktop.rootfs.img.xz
###
armsom-aim7-io/archive/Armbian_[0-9].*Armsom-aim7-io_bookworm_vendor_[0-9]*.[0-9]*.[0-9]*_minimal.img.xz
armsom-sige1/archive/Armbian_[0-9].*Armsom-sige1_bookworm_vendor_[0-9]*.[0-9]*.[0-9]*_minimal.img.xz
armsom-sige5/archive/Armbian_[0-9].*Armsom-sige5_bookworm_vendor_[0-9]*.[0-9]*.[0-9]*_minimal.img.xz
armsom-sige7/archive/Armbian_[0-9].*Armsom-sige7_bookworm_vendor_[0-9]*.[0-9]*.[0-9]*_minimal.img.xz
armsom-w3/archive/Armbian_[0-9].*Armsom-w3_bookworm_current_[0-9]*.[0-9]*.[0-9]*_minimal.img.xz
bananapim1plus/archive/Armbian_[0-9].*Bananapim1plus_bookworm_current_[0-9]*.[0-9]*.[0-9]*_minimal.img.xz
bananapim2plus/archive/Armbian_[0-9].*Bananapim2plus_bookworm_current_[0-9]*.[0-9]*.[0-9]*_minimal.img.xz
bananapim2ultra/archive/Armbian_[0-9].*Bananapim2ultra_bookworm_current_[0-9]*.[0-9]*.[0-9]*_minimal.img.xz
bananapim2zero/archive/Armbian_[0-9].*Bananapim2zero_bookworm_current_[0-9]*.[0-9]*.[0-9]*_minimal.img.xz
bananapim3/archive/Armbian_[0-9].*Bananapim3_bookworm_current_[0-9]*.[0-9]*.[0-9]*_minimal.img.xz
bananapim64/archive/Armbian_[0-9].*Bananapim64_bookworm_current_[0-9]*.[0-9]*.[0-9]*_minimal.img.xz
bananapipro/archive/Armbian_[0-9].*Bananapipro_bookworm_current_[0-9]*.[0-9]*.[0-9]*_minimal.img.xz
bananapir2/archive/Armbian_[0-9].*Bananapir2_bookworm_current_[0-9]*.[0-9]*.[0-9]*_minimal.img.xz
bananapir2pro/archive/Armbian_[0-9].*Bananapir2pro_bookworm_current_[0-9]*.[0-9]*.[0-9]*_minimal.img.xz
beaglev/archive/Armbian_[0-9].*Beaglev_bookworm_current_[0-9]*.[0-9]*.[0-9]*_minimal.img.xz
clearfogbase/archive/Armbian_[0-9].*Clearfogbase_bookworm_current_[0-9]*.[0-9]*.[0-9]*_minimal.img.xz
clearfogpro/archive/Armbian_[0-9].*Clearfogpro_bookworm_current_[0-9]*.[0-9]*.[0-9]*_minimal.img.xz
clockworkpi-a06/archive/Armbian_[0-9].*Clockworkpi-a06_bookworm_current_[0-9]*.[0-9]*.[0-9]*_minimal.img.xz
coolpi-cm5/archive/Armbian_[0-9].*Coolpi-cm5_bookworm_current_[0-9]*.[0-9]*.[0-9]*_minimal.img.xz
cubieboard2/archive/Armbian_[0-9].*Cubieboard2_bookworm_current_[0-9]*.[0-9]*.[0-9]*_minimal.img.xz
cubieboard4/archive/Armbian_[0-9].*Cubieboard4_bookworm_current_[0-9]*.[0-9]*.[0-9]*_minimal.img.xz
cubieboard/archive/Armbian_[0-9].*Cubieboard_bookworm_current_[0-9]*.[0-9]*.[0-9]*_minimal.img.xz
cubietruck/archive/Armbian_[0-9].*Cubietruck_bookworm_current_[0-9]*.[0-9]*.[0-9]*_minimal.img.xz
cubox-i/archive/Armbian_[0-9].*Cubox-i_bookworm_current_[0-9]*.[0-9]*.[0-9]*_minimal.img.xz
fine3399/archive/Armbian_[0-9].*Fine3399_bookworm_current_[0-9]*.[0-9]*.[0-9]*_minimal.img.xz
firefly-itx-3588j/archive/Armbian_[0-9].*Firefly-itx-3588j_bookworm_current_[0-9]*.[0-9]*.[0-9]*_minimal.img.xz
firefly-rk3399/archive/Armbian_[0-9].*Firefly-rk3399_bookworm_current_[0-9]*.[0-9]*.[0-9]*_minimal.img.xz
fxblox-rk1/archive/Armbian_[0-9].*Fxblox-rk1_bookworm_current_[0-9]*.[0-9]*.[0-9]*_minimal.img.xz
helios4/archive/Armbian_[0-9].*Helios4_bookworm_current_[0-9]*.[0-9]*.[0-9]*_minimal.img.xz
hikey960/archive/Armbian_[0-9].*Hikey960_bookworm_current_[0-9]*.[0-9]*.[0-9]*_minimal.img.xz
hinlink-h28k/archive/Armbian_[0-9].*Hinlink-h28k_bookworm_current_[0-9]*.[0-9]*.[0-9]*_minimal.img.xz
hinlink-h66k/archive/Armbian_[0-9].*Hinlink-h66k_bookworm_current_[0-9]*.[0-9]*.[0-9]*_minimal.img.xz
hinlink-h68k/archive/Armbian_[0-9].*Hinlink-h68k_bookworm_current_[0-9]*.[0-9]*.[0-9]*_minimal.img.xz
hinlink-h88k/archive/Armbian_[0-9].*Hinlink-h88k_bookworm_current_[0-9]*.[0-9]*.[0-9]*_minimal.img.xz
hinlink-hnas/archive/Armbian_[0-9].*Hinlink-hnas_bookworm_current_[0-9]*.[0-9]*.[0-9]*_minimal.img.xz
hinlink-ht2/archive/Armbian_[0-9].*Hinlink-ht2_bookworm_current_[0-9]*.[0-9]*.[0-9]*_minimal.img.xz
indiedroid-nova/archive/Armbian_[0-9].*Indiedroid-nova_bookworm_current_[0-9]*.[0-9]*.[0-9]*_minimal.img.xz
jetson-nano/archive/Armbian_[0-9].*Jetson-nano_bookworm_current_[0-9]*.[0-9]*.[0-9]*_minimal.img.xz
khadas-edge/archive/Armbian_[0-9].*Khadas-edge_bookworm_current_[0-9]*.[0-9]*.[0-9]*_minimal.img.xz
lckfb-taishanpi/archive/Armbian_[0-9].*Lckfb-taishanpi_bookworm_current_[0-9]*.[0-9]*.[0-9]*_minimal.img.xz
leez-p710/archive/Armbian_[0-9].*Leez-p710_bookworm_current_[0-9]*.[0-9]*.[0-9]*_minimal.img.xz
licheepi-4a/archive/Armbian_[0-9].*Licheepi-4a_bookworm_current_[0-9]*.[0-9]*.[0-9]*_minimal.img.xz
lime2/archive/Armbian_[0-9].*Lime2_bookworm_current_[0-9]*.[0-9]*.[0-9]*_minimal.img.xz
lime-a33/archive/Armbian_[0-9].*Lime-a33_bookworm_current_[0-9]*.[0-9]*.[0-9]*_minimal.img.xz
lime-a64/archive/Armbian_[0-9].*Lime-a64_bookworm_current_[0-9]*.[0-9]*.[0-9]*_minimal.img.xz
lime/archive/Armbian_[0-9].*Lime_bookworm_current_[0-9]*.[0-9]*.[0-9]*_minimal.img.xz
longanpi-4b/archive/Armbian_[0-9].*Longanpi-4b_bookworm_current_[0-9]*.[0-9]*.[0-9]*_minimal.img.xz
lubancat2/archive/Armbian_[0-9].*Lubancat2_bookworm_current_[0-9]*.[0-9]*.[0-9]*_minimal.img.xz
macchiatobin-doubleshot/archive/Armbian_[0-9].*Macchiatobin-doubleshot_bookworm_current_[0-9]*.[0-9]*.[0-9]*_minimal.img.xz
mangopi-m28k/archive/Armbian_[0-9].*Mangopi-m28k_bookworm_current_[0-9]*.[0-9]*.[0-9]*_minimal.img.xz
mekotronics-r58-minipc/archive/Armbian_[0-9].*Mekotronics-r58-minipc_bookworm_current_[0-9]*.[0-9]*.[0-9]*_minimal.img.xz
mekotronics-r58x-4g/archive/Armbian_[0-9].*Mekotronics-r58x-4g_bookworm_current_[0-9]*.[0-9]*.[0-9]*_minimal.img.xz
mekotronics-r58x/archive/Armbian_[0-9].*Mekotronics-r58x_bookworm_current_[0-9]*.[0-9]*.[0-9]*_minimal.img.xz
mekotronics-r58x-pro/archive/Armbian_[0-9].*Mekotronics-r58x-pro_bookworm_current_[0-9]*.[0-9]*.[0-9]*_minimal.img.xz
melea1000/archive/Armbian_[0-9].*Melea1000_bookworm_current_[0-9]*.[0-9]*.[0-9]*_minimal.img.xz
mixtile-blade3/archive/Armbian_[0-9].*Mixtile-blade3_bookworm_current_[0-9]*.[0-9]*.[0-9]*_minimal.img.xz
mk808c/archive/Armbian_[0-9].*Mk808c_bookworm_current_[0-9]*.[0-9]*.[0-9]*_minimal.img.xz
nanopc-cm3588-nas/archive/Armbian_[0-9].*Nanopc-cm3588-nas_bookworm_current_[0-9]*.[0-9]*.[0-9]*_minimal.img.xz
nanopct4/archive/Armbian_[0-9].*Nanopct4_bookworm_current_[0-9]*.[0-9]*.[0-9]*_minimal.img.xz
nanopia64/archive/Armbian_[0-9].*Nanopia64_bookworm_current_[0-9]*.[0-9]*.[0-9]*_minimal.img.xz
nanopiair/archive/Armbian_[0-9].*Nanopiair_bookworm_current_[0-9]*.[0-9]*.[0-9]*_minimal.img.xz
nanopiduo2/archive/Armbian_[0-9].*Nanopiduo2_bookworm_current_[0-9]*.[0-9]*.[0-9]*_minimal.img.xz
nanopiduo/archive/Armbian_[0-9].*Nanopiduo_bookworm_current_[0-9]*.[0-9]*.[0-9]*_minimal.img.xz
nanopik1plus/archive/Armbian_[0-9].*Nanopik1plus_bookworm_current_[0-9]*.[0-9]*.[0-9]*_minimal.img.xz
nanopik2-s905/archive/Armbian_[0-9].*Nanopik2-s905_bookworm_current_[0-9]*.[0-9]*.[0-9]*_minimal.img.xz
nanopim4/archive/Armbian_[0-9].*Nanopim4_bookworm_current_[0-9]*.[0-9]*.[0-9]*_minimal.img.xz
nanopineo2black/archive/Armbian_[0-9].*Nanopineo2black_bookworm_current_[0-9]*.[0-9]*.[0-9]*_minimal.img.xz
nanopineo2/archive/Armbian_[0-9].*Nanopineo2_bookworm_current_[0-9]*.[0-9]*.[0-9]*_minimal.img.xz
nanopineo3/archive/Armbian_[0-9].*Nanopineo3_bookworm_current_[0-9]*.[0-9]*.[0-9]*_minimal.img.xz
nanopineo4/archive/Armbian_[0-9].*Nanopineo4_bookworm_current_[0-9]*.[0-9]*.[0-9]*_minimal.img.xz
nanopineocore2/archive/Armbian_[0-9].*Nanopineocore2_bookworm_current_[0-9]*.[0-9]*.[0-9]*_minimal.img.xz
nanopineo/archive/Armbian_[0-9].*Nanopineo_bookworm_current_[0-9]*.[0-9]*.[0-9]*_minimal.img.xz
nanopineoplus2/archive/Armbian_[0-9].*Nanopineoplus2_bookworm_current_[0-9]*.[0-9]*.[0-9]*_minimal.img.xz
nanopi-r1/archive/Armbian_[0-9].*Nanopi-r1_bookworm_current_[0-9]*.[0-9]*.[0-9]*_minimal.img.xz
nanopi-r1s-h5/archive/Armbian_[0-9].*Nanopi-r1s-h5_bookworm_current_[0-9]*.[0-9]*.[0-9]*_minimal.img.xz
nanopi-r2c/archive/Armbian_[0-9].*Nanopi-r2c_bookworm_current_[0-9]*.[0-9]*.[0-9]*_minimal.img.xz
nanopi-r2s/archive/Armbian_[0-9].*Nanopi-r2s_bookworm_current_[0-9]*.[0-9]*.[0-9]*_minimal.img.xz
nanopi-r4se/archive/Armbian_[0-9].*Nanopi-r4se_bookworm_current_[0-9]*.[0-9]*.[0-9]*_minimal.img.xz
nanopi-r5c/archive/Armbian_[0-9].*Nanopi-r5c_bookworm_current_[0-9]*.[0-9]*.[0-9]*_minimal.img.xz
nanopi-r5s/archive/Armbian_[0-9].*Nanopi-r5s_bookworm_current_[0-9]*.[0-9]*.[0-9]*_minimal.img.xz
nanopi-r6c/archive/Armbian_[0-9].*Nanopi-r6c_bookworm_current_[0-9]*.[0-9]*.[0-9]*_minimal.img.xz
nanopi-r6s/archive/Armbian_[0-9].*Nanopi-r6s_bookworm_current_[0-9]*.[0-9]*.[0-9]*_minimal.img.xz
odroidc1/archive/Armbian_[0-9].*Odroidc1_bookworm_current_[0-9]*.[0-9]*.[0-9]*_minimal.img.xz
odroidn2l/archive/Armbian_[0-9].*Odroidn2l_bookworm_current_[0-9]*.[0-9]*.[0-9]*_minimal.img.xz
olimex-a20-olinuxino-micro/archive/Armbian_[0-9].*Olimex-a20-olinuxino-micro_bookworm_current_[0-9]*.[0-9]*.[0-9]*_minimal.img.xz
olinux-som-a13/archive/Armbian_[0-9].*Olinux-som-a13_bookworm_current_[0-9]*.[0-9]*.[0-9]*_minimal.img.xz
orangepi2/archive/Armbian_[0-9].*Orangepi2_bookworm_current_[0-9]*.[0-9]*.[0-9]*_minimal.img.xz
orangepi3b/archive/Armbian_[0-9].*Orangepi3b_bookworm_current_[0-9]*.[0-9]*.[0-9]*_minimal.img.xz
orangepi3/archive/Armbian_[0-9].*Orangepi3_bookworm_current_[0-9]*.[0-9]*.[0-9]*_minimal.img.xz
orangepi3-lts/archive/Armbian_[0-9].*Orangepi3-lts_bookworm_current_[0-9]*.[0-9]*.[0-9]*_minimal.img.xz
orangepi4/archive/Armbian_[0-9].*Orangepi4_bookworm_current_[0-9]*.[0-9]*.[0-9]*_minimal.img.xz
orangepilite2/archive/Armbian_[0-9].*Orangepilite2_bookworm_current_[0-9]*.[0-9]*.[0-9]*_minimal.img.xz
orangepilite/archive/Armbian_[0-9].*Orangepilite_bookworm_current_[0-9]*.[0-9]*.[0-9]*_minimal.img.xz
orangepioneplus/archive/Armbian_[0-9].*Orangepioneplus_bookworm_current_[0-9]*.[0-9]*.[0-9]*_minimal.img.xz
orangepipc2/archive/Armbian_[0-9].*Orangepipc2_bookworm_current_[0-9]*.[0-9]*.[0-9]*_minimal.img.xz
orangepipc/archive/Armbian_[0-9].*Orangepipc_bookworm_current_[0-9]*.[0-9]*.[0-9]*_minimal.img.xz
orangepipcplus/archive/Armbian_[0-9].*Orangepipcplus_bookworm_current_[0-9]*.[0-9]*.[0-9]*_minimal.img.xz
orangepiplus2e/archive/Armbian_[0-9].*Orangepiplus2e_bookworm_current_[0-9]*.[0-9]*.[0-9]*_minimal.img.xz
orangepiplus/archive/Armbian_[0-9].*Orangepiplus_bookworm_current_[0-9]*.[0-9]*.[0-9]*_minimal.img.xz
orangepiprime/archive/Armbian_[0-9].*Orangepiprime_bookworm_current_[0-9]*.[0-9]*.[0-9]*_minimal.img.xz
orangepi-r1/archive/Armbian_[0-9].*Orangepi-r1_bookworm_current_[0-9]*.[0-9]*.[0-9]*_minimal.img.xz
orangepi-r1plus/archive/Armbian_[0-9].*Orangepi-r1plus_bookworm_current_[0-9]*.[0-9]*.[0-9]*_minimal.img.xz
orangepi-r1plus-lts/archive/Armbian_[0-9].*Orangepi-r1plus-lts_bookworm_current_[0-9]*.[0-9]*.[0-9]*_minimal.img.xz
orangepi-rk3399/archive/Armbian_[0-9].*Orangepi-rk3399_bookworm_current_[0-9]*.[0-9]*.[0-9]*_minimal.img.xz
orangepiwin/archive/Armbian_[0-9].*Orangepiwin_bookworm_current_[0-9]*.[0-9]*.[0-9]*_minimal.img.xz
orangepizero2w/archive/Armbian_[0-9].*Orangepizero2w_bookworm_current_[0-9]*.[0-9]*.[0-9]*_minimal.img.xz
orangepizero3/archive/Armbian_[0-9].*Orangepizero3_bookworm_current_[0-9]*.[0-9]*.[0-9]*_minimal.img.xz
orangepizero/archive/Armbian_[0-9].*Orangepizero_bookworm_current_[0-9]*.[0-9]*.[0-9]*_minimal.img.xz
orangepizeroplus2-h3/archive/Armbian_[0-9].*Orangepizeroplus2-h3_bookworm_current_[0-9]*.[0-9]*.[0-9]*_minimal.img.xz
orangepizeroplus2-h5/archive/Armbian_[0-9].*Orangepizeroplus2-h5_bookworm_current_[0-9]*.[0-9]*.[0-9]*_minimal.img.xz
panther-x2/archive/Armbian_[0-9].*Panther-x2_bookworm_current_[0-9]*.[0-9]*.[0-9]*_minimal.img.xz
pcduino3/archive/Armbian_[0-9].*Pcduino3_bookworm_current_[0-9]*.[0-9]*.[0-9]*_minimal.img.xz
pine64so/archive/Armbian_[0-9].*Pine64so_bookworm_current_[0-9]*.[0-9]*.[0-9]*_minimal.img.xz
pinebook-a64/archive/Armbian_[0-9].*Pinebook-a64_bookworm_current_[0-9]*.[0-9]*.[0-9]*_minimal.img.xz
pinebook-pro/archive/Armbian_[0-9].*Pinebook-pro_bookworm_current_[0-9]*.[0-9]*.[0-9]*_minimal.img.xz
pinecube/archive/Armbian_[0-9].*Pinecube_bookworm_current_[0-9]*.[0-9]*.[0-9]*_minimal.img.xz
pineh64-b/archive/Armbian_[0-9].*Pineh64-b_bookworm_current_[0-9]*.[0-9]*.[0-9]*_minimal.img.xz
pineh64/archive/Armbian_[0-9].*Pineh64_bookworm_current_[0-9]*.[0-9]*.[0-9]*_minimal.img.xz
qemu-uboot-arm64/archive/Armbian_[0-9].*Qemu-uboot-arm64_bookworm_current_[0-9]*.[0-9]*.[0-9]*_minimal.img.xz
qemu-uboot-x86/archive/Armbian_[0-9].*Qemu-uboot-x86_bookworm_current_[0-9]*.[0-9]*.[0-9]*_minimal.img.xz
quartz64a/archive/Armbian_[0-9].*Quartz64a_bookworm_current_[0-9]*.[0-9]*.[0-9]*_minimal.img.xz
quartz64b/archive/Armbian_[0-9].*Quartz64b_bookworm_current_[0-9]*.[0-9]*.[0-9]*_minimal.img.xz
radxa-e25/archive/Armbian_[0-9].*Radxa-e25_bookworm_current_[0-9]*.[0-9]*.[0-9]*_minimal.img.xz
radxa-zero2/archive/Armbian_[0-9].*Radxa-zero2_bookworm_current_[0-9]*.[0-9]*.[0-9]*_minimal.img.xz
recore/archive/Armbian_[0-9].*Recore_bookworm_current_[0-9]*.[0-9]*.[0-9]*_minimal.img.xz
retro-lite-cm5/archive/Armbian_[0-9].*Retro-lite-cm5_bookworm_current_[0-9]*.[0-9]*.[0-9]*_minimal.img.xz
rk3328-heltec/archive/Armbian_[0-9].*Rk3328-heltec_bookworm_current_[0-9]*.[0-9]*.[0-9]*_minimal.img.xz
rock-3c/archive/Armbian_[0-9].*Rock-3c_bookworm_current_[0-9]*.[0-9]*.[0-9]*_minimal.img.xz
rock-4se/archive/Armbian_[0-9].*Rock-4se_bookworm_current_[0-9]*.[0-9]*.[0-9]*_minimal.img.xz
rock-5-cmio/archive/Armbian_[0-9].*Rock-5-cmio_bookworm_current_[0-9]*.[0-9]*.[0-9]*_minimal.img.xz
rock64/archive/Armbian_[0-9].*Rock64_bookworm_current_[0-9]*.[0-9]*.[0-9]*_minimal.img.xz
rockpi-4a/archive/Armbian_[0-9].*Rockpi-4a_bookworm_current_[0-9]*.[0-9]*.[0-9]*_minimal.img.xz
rockpi-4b/archive/Armbian_[0-9].*Rockpi-4b_bookworm_current_[0-9]*.[0-9]*.[0-9]*_minimal.img.xz
rockpi-4bplus/archive/Armbian_[0-9].*Rockpi-4bplus_bookworm_current_[0-9]*.[0-9]*.[0-9]*_minimal.img.xz
rockpi-4c/archive/Armbian_[0-9].*Rockpi-4c_bookworm_current_[0-9]*.[0-9]*.[0-9]*_minimal.img.xz
rockpi-4cplus/archive/Armbian_[0-9].*Rockpi-4cplus_bookworm_current_[0-9]*.[0-9]*.[0-9]*_minimal.img.xz
rockpi-n10/archive/Armbian_[0-9].*Rockpi-n10_bookworm_current_[0-9]*.[0-9]*.[0-9]*_minimal.img.xz
rockpro64/archive/Armbian_[0-9].*Rockpro64_bookworm_current_[0-9]*.[0-9]*.[0-9]*_minimal.img.xz
roc-rk3399-pc/archive/Armbian_[0-9].*Roc-rk3399-pc_bookworm_current_[0-9]*.[0-9]*.[0-9]*_minimal.img.xz
rpi5b/archive/Armbian_[0-9].*Rpi5b_bookworm_current_[0-9]*.[0-9]*.[0-9]*_minimal.img.xz
sakurapi-rk3308b/archive/Armbian_[0-9].*Sakurapi-rk3308b_bookworm_current_[0-9]*.[0-9]*.[0-9]*_minimal.img.xz
star64/archive/Armbian_[0-9].*Star64_bookworm_current_[0-9]*.[0-9]*.[0-9]*_minimal.img.xz
station-m1/archive/Armbian_[0-9].*Station-m1_bookworm_current_[0-9]*.[0-9]*.[0-9]*_minimal.img.xz
station-m2/archive/Armbian_[0-9].*Station-m2_bookworm_current_[0-9]*.[0-9]*.[0-9]*_minimal.img.xz
station-m3/archive/Armbian_[0-9].*Station-m3_bookworm_current_[0-9]*.[0-9]*.[0-9]*_minimal.img.xz
station-p1/archive/Armbian_[0-9].*Station-p1_bookworm_current_[0-9]*.[0-9]*.[0-9]*_minimal.img.xz
station-p2/archive/Armbian_[0-9].*Station-p2_bookworm_current_[0-9]*.[0-9]*.[0-9]*_minimal.img.xz
tinkerboard-2/archive/Armbian_[0-9].*Tinkerboard-2_bookworm_current_[0-9]*.[0-9]*.[0-9]*_minimal.img.xz
tinker-edge-r/archive/Armbian_[0-9].*Tinker-edge-r_bookworm_current_[0-9]*.[0-9]*.[0-9]*_minimal.img.xz
udoo/archive/Armbian_[0-9].*Udoo_bookworm_current_[0-9]*.[0-9]*.[0-9]*_minimal.img.xz
uefi-riscv64/archive/Armbian_[0-9].*Uefi-riscv64_bookworm_current_[0-9]*.[0-9]*.[0-9]*_minimal.img.xz
unleashed/archive/Armbian_[0-9].*Unleashed_bookworm_current_[0-9]*.[0-9]*.[0-9]*_minimal.img.xz
unmatched/archive/Armbian_[0-9].*Unmatched_bookworm_current_[0-9]*.[0-9]*.[0-9]*_minimal.img.xz
visionfive2/archive/Armbian_[0-9].*Visionfive2_bookworm_current_[0-9]*.[0-9]*.[0-9]*_minimal.img.xz
visionfive/archive/Armbian_[0-9].*Visionfive_bookworm_current_[0-9]*.[0-9]*.[0-9]*_minimal.img.xz
wdk2023/archive/Armbian_[0-9].*Wdk2023_bookworm_current_[0-9]*.[0-9]*.[0-9]*_minimal.img.xz
wsl2-arm64/archive/Armbian_[0-9].*Wsl2-arm64_bookworm_current_[0-9]*.[0-9]*.[0-9]*_minimal.img.xz
wsl2-x86/archive/Armbian_[0-9].*Wsl2-x86_bookworm_current_[0-9]*.[0-9]*.[0-9]*_minimal.img.xz
xiaobao-nas/archive/Armbian_[0-9].*Xiaobao-nas_bookworm_current_[0-9]*.[0-9]*.[0-9]*_minimal.img.xz
zeropi/archive/Armbian_[0-9].*Zeropi_bookworm_current_[0-9]*.[0-9]*.[0-9]*_minimal.img.xz
armsom-aim7-io/archive/Armbian_[0-9].*Armsom-aim7-io_noble_vendor_[0-9]*.[0-9]*.[0-9]*_gnome-kisak_desktop.img.xz
armsom-sige1/archive/Armbian_[0-9].*Armsom-sige1_noble_vendor_[0-9]*.[0-9]*.[0-9]*_gnome-kisak_desktop.img.xz
armsom-sige5/archive/Armbian_[0-9].*Armsom-sige5_noble_vendor_[0-9]*.[0-9]*.[0-9]*_gnome-kisak_desktop.img.xz
armsom-sige7/archive/Armbian_[0-9].*Armsom-sige7_noble_vemdor_[0-9]*.[0-9]*.[0-9]*_gnome-kisak_desktop.img.xz
armsom-w3/archive/Armbian_[0-9].*Armsom-w3_noble_current_[0-9]*.[0-9]*.[0-9]*_gnome-kisak_desktop.img.xz
bananapim1plus/archive/Armbian_[0-9].*Bananapim1plus_noble_current_[0-9]*.[0-9]*.[0-9]*_gnome-kisak_desktop.img.xz
bananapim2plus/archive/Armbian_[0-9].*Bananapim2plus_noble_current_[0-9]*.[0-9]*.[0-9]*_gnome-kisak_desktop.img.xz
bananapim2ultra/archive/Armbian_[0-9].*Bananapim2ultra_noble_current_[0-9]*.[0-9]*.[0-9]*_gnome-kisak_desktop.img.xz
bananapim2zero/archive/Armbian_[0-9].*Bananapim2zero_noble_current_[0-9]*.[0-9]*.[0-9]*_gnome-kisak_desktop.img.xz
bananapim3/archive/Armbian_[0-9].*Bananapim3_noble_current_[0-9]*.[0-9]*.[0-9]*_gnome-kisak_desktop.img.xz
bananapim64/archive/Armbian_[0-9].*Bananapim64_noble_current_[0-9]*.[0-9]*.[0-9]*_gnome-kisak_desktop.img.xz
bananapipro/archive/Armbian_[0-9].*Bananapipro_noble_current_[0-9]*.[0-9]*.[0-9]*_gnome-kisak_desktop.img.xz
bananapir2/archive/Armbian_[0-9].*Bananapir2_noble_current_[0-9]*.[0-9]*.[0-9]*_gnome-kisak_desktop.img.xz
bananapir2pro/archive/Armbian_[0-9].*Bananapir2pro_noble_current_[0-9]*.[0-9]*.[0-9]*_gnome-kisak_desktop.img.xz
beaglev/archive/Armbian_[0-9].*Beaglev_noble_current_[0-9]*.[0-9]*.[0-9]*_gnome-kisak_desktop.img.xz
clearfogbase/archive/Armbian_[0-9].*Clearfogbase_noble_current_[0-9]*.[0-9]*.[0-9]*_gnome-kisak_desktop.img.xz
clearfogpro/archive/Armbian_[0-9].*Clearfogpro_noble_current_[0-9]*.[0-9]*.[0-9]*_gnome-kisak_desktop.img.xz
clockworkpi-a06/archive/Armbian_[0-9].*Clockworkpi-a06_noble_current_[0-9]*.[0-9]*.[0-9]*_gnome-kisak_desktop.img.xz
coolpi-cm5/archive/Armbian_[0-9].*Coolpi-cm5_noble_current_[0-9]*.[0-9]*.[0-9]*_gnome-kisak_desktop.img.xz
cubieboard2/archive/Armbian_[0-9].*Cubieboard2_noble_current_[0-9]*.[0-9]*.[0-9]*_gnome-kisak_desktop.img.xz
cubieboard4/archive/Armbian_[0-9].*Cubieboard4_noble_current_[0-9]*.[0-9]*.[0-9]*_gnome-kisak_desktop.img.xz
cubieboard/archive/Armbian_[0-9].*Cubieboard_noble_current_[0-9]*.[0-9]*.[0-9]*_gnome-kisak_desktop.img.xz
cubietruck/archive/Armbian_[0-9].*Cubietruck_noble_current_[0-9]*.[0-9]*.[0-9]*_gnome-kisak_desktop.img.xz
cubox-i/archive/Armbian_[0-9].*Cubox-i_noble_current_[0-9]*.[0-9]*.[0-9]*_gnome-kisak_desktop.img.xz
fine3399/archive/Armbian_[0-9].*Fine3399_noble_current_[0-9]*.[0-9]*.[0-9]*_gnome-kisak_desktop.img.xz
firefly-itx-3588j/archive/Armbian_[0-9].*Firefly-itx-3588j_noble_current_[0-9]*.[0-9]*.[0-9]*_gnome-kisak_desktop.img.xz
firefly-rk3399/archive/Armbian_[0-9].*Firefly-rk3399_noble_current_[0-9]*.[0-9]*.[0-9]*_gnome-kisak_desktop.img.xz
fxblox-rk1/archive/Armbian_[0-9].*Fxblox-rk1_noble_current_[0-9]*.[0-9]*.[0-9]*_gnome-kisak_desktop.img.xz
helios4/archive/Armbian_[0-9].*Helios4_noble_current_[0-9]*.[0-9]*.[0-9]*_gnome-kisak_desktop.img.xz
hikey960/archive/Armbian_[0-9].*Hikey960_noble_current_[0-9]*.[0-9]*.[0-9]*_gnome-kisak_desktop.img.xz
hinlink-h28k/archive/Armbian_[0-9].*Hinlink-h28k_noble_current_[0-9]*.[0-9]*.[0-9]*_gnome-kisak_desktop.img.xz
hinlink-h66k/archive/Armbian_[0-9].*Hinlink-h66k_noble_current_[0-9]*.[0-9]*.[0-9]*_gnome-kisak_desktop.img.xz
hinlink-h68k/archive/Armbian_[0-9].*Hinlink-h68k_noble_current_[0-9]*.[0-9]*.[0-9]*_gnome-kisak_desktop.img.xz
hinlink-h88k/archive/Armbian_[0-9].*Hinlink-h88k_noble_current_[0-9]*.[0-9]*.[0-9]*_gnome-kisak_desktop.img.xz
hinlink-hnas/archive/Armbian_[0-9].*Hinlink-hnas_noble_current_[0-9]*.[0-9]*.[0-9]*_gnome-kisak_desktop.img.xz
hinlink-ht2/archive/Armbian_[0-9].*Hinlink-ht2_noble_current_[0-9]*.[0-9]*.[0-9]*_gnome-kisak_desktop.img.xz
indiedroid-nova/archive/Armbian_[0-9].*Indiedroid-nova_noble_current_[0-9]*.[0-9]*.[0-9]*_gnome-kisak_desktop.img.xz
jetson-nano/archive/Armbian_[0-9].*Jetson-nano_noble_current_[0-9]*.[0-9]*.[0-9]*_gnome-kisak_desktop.img.xz
khadas-edge/archive/Armbian_[0-9].*Khadas-edge_noble_current_[0-9]*.[0-9]*.[0-9]*_gnome-kisak_desktop.img.xz
lckfb-taishanpi/archive/Armbian_[0-9].*Lckfb-taishanpi_noble_current_[0-9]*.[0-9]*.[0-9]*_gnome-kisak_desktop.img.xz
leez-p710/archive/Armbian_[0-9].*Leez-p710_noble_current_[0-9]*.[0-9]*.[0-9]*_gnome-kisak_desktop.img.xz
licheepi-4a/archive/Armbian_[0-9].*Licheepi-4a_noble_current_[0-9]*.[0-9]*.[0-9]*_gnome-kisak_desktop.img.xz
lime2/archive/Armbian_[0-9].*Lime2_noble_current_[0-9]*.[0-9]*.[0-9]*_gnome-kisak_desktop.img.xz
lime-a33/archive/Armbian_[0-9].*Lime-a33_noble_current_[0-9]*.[0-9]*.[0-9]*_gnome-kisak_desktop.img.xz
lime-a64/archive/Armbian_[0-9].*Lime-a64_noble_current_[0-9]*.[0-9]*.[0-9]*_gnome-kisak_desktop.img.xz
lime/archive/Armbian_[0-9].*Lime_noble_current_[0-9]*.[0-9]*.[0-9]*_gnome-kisak_desktop.img.xz
longanpi-4b/archive/Armbian_[0-9].*Longanpi-4b_noble_current_[0-9]*.[0-9]*.[0-9]*_gnome-kisak_desktop.img.xz
lubancat2/archive/Armbian_[0-9].*Lubancat2_noble_current_[0-9]*.[0-9]*.[0-9]*_gnome-kisak_desktop.img.xz
macchiatobin-doubleshot/archive/Armbian_[0-9].*Macchiatobin-doubleshot_noble_current_[0-9]*.[0-9]*.[0-9]*_gnome-kisak_desktop.img.xz
mangopi-m28k/archive/Armbian_[0-9].*Mangopi-m28k_noble_current_[0-9]*.[0-9]*.[0-9]*_gnome-kisak_desktop.img.xz
mekotronics-r58-minipc/archive/Armbian_[0-9].*Mekotronics-r58-minipc_noble_current_[0-9]*.[0-9]*.[0-9]*_gnome-kisak_desktop.img.xz
mekotronics-r58x-4g/archive/Armbian_[0-9].*Mekotronics-r58x-4g_noble_current_[0-9]*.[0-9]*.[0-9]*_gnome-kisak_desktop.img.xz
mekotronics-r58x/archive/Armbian_[0-9].*Mekotronics-r58x_noble_current_[0-9]*.[0-9]*.[0-9]*_gnome-kisak_desktop.img.xz
mekotronics-r58x-pro/archive/Armbian_[0-9].*Mekotronics-r58x-pro_noble_current_[0-9]*.[0-9]*.[0-9]*_gnome-kisak_desktop.img.xz
melea1000/archive/Armbian_[0-9].*Melea1000_noble_current_[0-9]*.[0-9]*.[0-9]*_gnome-kisak_desktop.img.xz
mixtile-blade3/archive/Armbian_[0-9].*Mixtile-blade3_noble_current_[0-9]*.[0-9]*.[0-9]*_gnome-kisak_desktop.img.xz
mk808c/archive/Armbian_[0-9].*Mk808c_noble_current_[0-9]*.[0-9]*.[0-9]*_gnome-kisak_desktop.img.xz
nanopc-cm3588-nas/archive/Armbian_[0-9].*Nanopc-cm3588-nas_noble_current_[0-9]*.[0-9]*.[0-9]*_gnome-kisak_desktop.img.xz
nanopct4/archive/Armbian_[0-9].*Nanopct4_noble_current_[0-9]*.[0-9]*.[0-9]*_gnome-kisak_desktop.img.xz
nanopia64/archive/Armbian_[0-9].*Nanopia64_noble_current_[0-9]*.[0-9]*.[0-9]*_gnome-kisak_desktop.img.xz
nanopiair/archive/Armbian_[0-9].*Nanopiair_noble_current_[0-9]*.[0-9]*.[0-9]*_gnome-kisak_desktop.img.xz
nanopiduo2/archive/Armbian_[0-9].*Nanopiduo2_noble_current_[0-9]*.[0-9]*.[0-9]*_gnome-kisak_desktop.img.xz
nanopiduo/archive/Armbian_[0-9].*Nanopiduo_noble_current_[0-9]*.[0-9]*.[0-9]*_gnome-kisak_desktop.img.xz
nanopik1plus/archive/Armbian_[0-9].*Nanopik1plus_noble_current_[0-9]*.[0-9]*.[0-9]*_gnome-kisak_desktop.img.xz
nanopik2-s905/archive/Armbian_[0-9].*Nanopik2-s905_noble_current_[0-9]*.[0-9]*.[0-9]*_gnome-kisak_desktop.img.xz
nanopim4/archive/Armbian_[0-9].*Nanopim4_noble_current_[0-9]*.[0-9]*.[0-9]*_gnome-kisak_desktop.img.xz
nanopineo2black/archive/Armbian_[0-9].*Nanopineo2black_noble_current_[0-9]*.[0-9]*.[0-9]*_gnome-kisak_desktop.img.xz
nanopineo2/archive/Armbian_[0-9].*Nanopineo2_noble_current_[0-9]*.[0-9]*.[0-9]*_gnome-kisak_desktop.img.xz
nanopineo3/archive/Armbian_[0-9].*Nanopineo3_noble_current_[0-9]*.[0-9]*.[0-9]*_gnome-kisak_desktop.img.xz
nanopineo4/archive/Armbian_[0-9].*Nanopineo4_noble_current_[0-9]*.[0-9]*.[0-9]*_gnome-kisak_desktop.img.xz
nanopineocore2/archive/Armbian_[0-9].*Nanopineocore2_noble_current_[0-9]*.[0-9]*.[0-9]*_gnome-kisak_desktop.img.xz
nanopineo/archive/Armbian_[0-9].*Nanopineo_noble_current_[0-9]*.[0-9]*.[0-9]*_gnome-kisak_desktop.img.xz
nanopineoplus2/archive/Armbian_[0-9].*Nanopineoplus2_noble_current_[0-9]*.[0-9]*.[0-9]*_gnome-kisak_desktop.img.xz
nanopi-r1/archive/Armbian_[0-9].*Nanopi-r1_noble_current_[0-9]*.[0-9]*.[0-9]*_gnome-kisak_desktop.img.xz
nanopi-r1s-h5/archive/Armbian_[0-9].*Nanopi-r1s-h5_noble_current_[0-9]*.[0-9]*.[0-9]*_gnome-kisak_desktop.img.xz
nanopi-r2c/archive/Armbian_[0-9].*Nanopi-r2c_noble_current_[0-9]*.[0-9]*.[0-9]*_gnome-kisak_desktop.img.xz
nanopi-r2s/archive/Armbian_[0-9].*Nanopi-r2s_noble_current_[0-9]*.[0-9]*.[0-9]*_gnome-kisak_desktop.img.xz
nanopi-r4se/archive/Armbian_[0-9].*Nanopi-r4se_noble_current_[0-9]*.[0-9]*.[0-9]*_gnome-kisak_desktop.img.xz
nanopi-r5c/archive/Armbian_[0-9].*Nanopi-r5c_noble_current_[0-9]*.[0-9]*.[0-9]*_gnome-kisak_desktop.img.xz
nanopi-r5s/archive/Armbian_[0-9].*Nanopi-r5s_noble_current_[0-9]*.[0-9]*.[0-9]*_gnome-kisak_desktop.img.xz
nanopi-r6c/archive/Armbian_[0-9].*Nanopi-r6c_noble_current_[0-9]*.[0-9]*.[0-9]*_gnome-kisak_desktop.img.xz
nanopi-r6s/archive/Armbian_[0-9].*Nanopi-r6s_noble_current_[0-9]*.[0-9]*.[0-9]*_gnome-kisak_desktop.img.xz
odroidc1/archive/Armbian_[0-9].*Odroidc1_noble_current_[0-9]*.[0-9]*.[0-9]*_gnome-kisak_desktop.img.xz
odroidn2l/archive/Armbian_[0-9].*Odroidn2l_noble_current_[0-9]*.[0-9]*.[0-9]*_gnome-kisak_desktop.img.xz
olimex-a20-olinuxino-micro/archive/Armbian_[0-9].*Olimex-a20-olinuxino-micro_noble_current_[0-9]*.[0-9]*.[0-9]*_gnome-kisak_desktop.img.xz
olinux-som-a13/archive/Armbian_[0-9].*Olinux-som-a13_noble_current_[0-9]*.[0-9]*.[0-9]*_gnome-kisak_desktop.img.xz
orangepi2/archive/Armbian_[0-9].*Orangepi2_noble_current_[0-9]*.[0-9]*.[0-9]*_gnome-kisak_desktop.img.xz
orangepi3b/archive/Armbian_[0-9].*Orangepi3b_noble_current_[0-9]*.[0-9]*.[0-9]*_gnome-kisak_desktop.img.xz
orangepi3/archive/Armbian_[0-9].*Orangepi3_noble_current_[0-9]*.[0-9]*.[0-9]*_gnome-kisak_desktop.img.xz
orangepi3-lts/archive/Armbian_[0-9].*Orangepi3-lts_noble_current_[0-9]*.[0-9]*.[0-9]*_gnome-kisak_desktop.img.xz
orangepi4/archive/Armbian_[0-9].*Orangepi4_noble_current_[0-9]*.[0-9]*.[0-9]*_gnome-kisak_desktop.img.xz
orangepilite2/archive/Armbian_[0-9].*Orangepilite2_noble_current_[0-9]*.[0-9]*.[0-9]*_gnome-kisak_desktop.img.xz
orangepilite/archive/Armbian_[0-9].*Orangepilite_noble_current_[0-9]*.[0-9]*.[0-9]*_gnome-kisak_desktop.img.xz
orangepioneplus/archive/Armbian_[0-9].*Orangepioneplus_noble_current_[0-9]*.[0-9]*.[0-9]*_gnome-kisak_desktop.img.xz
orangepipc2/archive/Armbian_[0-9].*Orangepipc2_noble_current_[0-9]*.[0-9]*.[0-9]*_gnome-kisak_desktop.img.xz
orangepipc/archive/Armbian_[0-9].*Orangepipc_noble_current_[0-9]*.[0-9]*.[0-9]*_gnome-kisak_desktop.img.xz
orangepipcplus/archive/Armbian_[0-9].*Orangepipcplus_noble_current_[0-9]*.[0-9]*.[0-9]*_gnome-kisak_desktop.img.xz
orangepiplus2e/archive/Armbian_[0-9].*Orangepiplus2e_noble_current_[0-9]*.[0-9]*.[0-9]*_gnome-kisak_desktop.img.xz
orangepiplus/archive/Armbian_[0-9].*Orangepiplus_noble_current_[0-9]*.[0-9]*.[0-9]*_gnome-kisak_desktop.img.xz
orangepiprime/archive/Armbian_[0-9].*Orangepiprime_noble_current_[0-9]*.[0-9]*.[0-9]*_gnome-kisak_desktop.img.xz
orangepi-r1/archive/Armbian_[0-9].*Orangepi-r1_noble_current_[0-9]*.[0-9]*.[0-9]*_gnome-kisak_desktop.img.xz
orangepi-r1plus/archive/Armbian_[0-9].*Orangepi-r1plus_noble_current_[0-9]*.[0-9]*.[0-9]*_gnome-kisak_desktop.img.xz
orangepi-r1plus-lts/archive/Armbian_[0-9].*Orangepi-r1plus-lts_noble_current_[0-9]*.[0-9]*.[0-9]*_gnome-kisak_desktop.img.xz
orangepi-rk3399/archive/Armbian_[0-9].*Orangepi-rk3399_noble_current_[0-9]*.[0-9]*.[0-9]*_gnome-kisak_desktop.img.xz
orangepiwin/archive/Armbian_[0-9].*Orangepiwin_noble_current_[0-9]*.[0-9]*.[0-9]*_gnome-kisak_desktop.img.xz
orangepizero2w/archive/Armbian_[0-9].*Orangepizero2w_noble_current_[0-9]*.[0-9]*.[0-9]*_gnome-kisak_desktop.img.xz
orangepizero3/archive/Armbian_[0-9].*Orangepizero3_noble_current_[0-9]*.[0-9]*.[0-9]*_gnome-kisak_desktop.img.xz
orangepizero/archive/Armbian_[0-9].*Orangepizero_noble_current_[0-9]*.[0-9]*.[0-9]*_gnome-kisak_desktop.img.xz
orangepizeroplus2-h3/archive/Armbian_[0-9].*Orangepizeroplus2-h3_noble_current_[0-9]*.[0-9]*.[0-9]*_gnome-kisak_desktop.img.xz
orangepizeroplus2-h5/archive/Armbian_[0-9].*Orangepizeroplus2-h5_noble_current_[0-9]*.[0-9]*.[0-9]*_gnome-kisak_desktop.img.xz
panther-x2/archive/Armbian_[0-9].*Panther-x2_noble_current_[0-9]*.[0-9]*.[0-9]*_gnome-kisak_desktop.img.xz
pcduino3/archive/Armbian_[0-9].*Pcduino3_noble_current_[0-9]*.[0-9]*.[0-9]*_gnome-kisak_desktop.img.xz
pine64so/archive/Armbian_[0-9].*Pine64so_noble_current_[0-9]*.[0-9]*.[0-9]*_gnome-kisak_desktop.img.xz
pinebook-a64/archive/Armbian_[0-9].*Pinebook-a64_noble_current_[0-9]*.[0-9]*.[0-9]*_gnome-kisak_desktop.img.xz
pinebook-pro/archive/Armbian_[0-9].*Pinebook-pro_noble_current_[0-9]*.[0-9]*.[0-9]*_gnome-kisak_desktop.img.xz
pinecube/archive/Armbian_[0-9].*Pinecube_noble_current_[0-9]*.[0-9]*.[0-9]*_gnome-kisak_desktop.img.xz
pineh64-b/archive/Armbian_[0-9].*Pineh64-b_noble_current_[0-9]*.[0-9]*.[0-9]*_gnome-kisak_desktop.img.xz
pineh64/archive/Armbian_[0-9].*Pineh64_noble_current_[0-9]*.[0-9]*.[0-9]*_gnome-kisak_desktop.img.xz
qemu-uboot-arm64/archive/Armbian_[0-9].*Qemu-uboot-arm64_noble_current_[0-9]*.[0-9]*.[0-9]*_gnome-kisak_desktop.img.xz
qemu-uboot-x86/archive/Armbian_[0-9].*Qemu-uboot-x86_noble_current_[0-9]*.[0-9]*.[0-9]*_gnome-kisak_desktop.img.xz
quartz64a/archive/Armbian_[0-9].*Quartz64a_noble_current_[0-9]*.[0-9]*.[0-9]*_gnome-kisak_desktop.img.xz
quartz64b/archive/Armbian_[0-9].*Quartz64b_noble_current_[0-9]*.[0-9]*.[0-9]*_gnome-kisak_desktop.img.xz
radxa-e25/archive/Armbian_[0-9].*Radxa-e25_noble_current_[0-9]*.[0-9]*.[0-9]*_gnome-kisak_desktop.img.xz
radxa-zero2/archive/Armbian_[0-9].*Radxa-zero2_noble_current_[0-9]*.[0-9]*.[0-9]*_gnome-kisak_desktop.img.xz
recore/archive/Armbian_[0-9].*Recore_noble_current_[0-9]*.[0-9]*.[0-9]*_gnome-kisak_desktop.img.xz
retro-lite-cm5/archive/Armbian_[0-9].*Retro-lite-cm5_noble_current_[0-9]*.[0-9]*.[0-9]*_gnome-kisak_desktop.img.xz
rk3328-heltec/archive/Armbian_[0-9].*Rk3328-heltec_noble_current_[0-9]*.[0-9]*.[0-9]*_gnome-kisak_desktop.img.xz
rock-3c/archive/Armbian_[0-9].*Rock-3c_noble_current_[0-9]*.[0-9]*.[0-9]*_gnome-kisak_desktop.img.xz
rock-4se/archive/Armbian_[0-9].*Rock-4se_noble_current_[0-9]*.[0-9]*.[0-9]*_gnome-kisak_desktop.img.xz
rock-5-cmio/archive/Armbian_[0-9].*Rock-5-cmio_noble_current_[0-9]*.[0-9]*.[0-9]*_gnome-kisak_desktop.img.xz
rock64/archive/Armbian_[0-9].*Rock64_noble_current_[0-9]*.[0-9]*.[0-9]*_gnome-kisak_desktop.img.xz
rockpi-4a/archive/Armbian_[0-9].*Rockpi-4a_noble_current_[0-9]*.[0-9]*.[0-9]*_gnome-kisak_desktop.img.xz
rockpi-4b/archive/Armbian_[0-9].*Rockpi-4b_noble_current_[0-9]*.[0-9]*.[0-9]*_gnome-kisak_desktop.img.xz
rockpi-4bplus/archive/Armbian_[0-9].*Rockpi-4bplus_noble_current_[0-9]*.[0-9]*.[0-9]*_gnome-kisak_desktop.img.xz
rockpi-4c/archive/Armbian_[0-9].*Rockpi-4c_noble_current_[0-9]*.[0-9]*.[0-9]*_gnome-kisak_desktop.img.xz
rockpi-4cplus/archive/Armbian_[0-9].*Rockpi-4cplus_noble_current_[0-9]*.[0-9]*.[0-9]*_gnome-kisak_desktop.img.xz
rockpi-n10/archive/Armbian_[0-9].*Rockpi-n10_noble_current_[0-9]*.[0-9]*.[0-9]*_gnome-kisak_desktop.img.xz
rockpro64/archive/Armbian_[0-9].*Rockpro64_noble_current_[0-9]*.[0-9]*.[0-9]*_gnome-kisak_desktop.img.xz
roc-rk3399-pc/archive/Armbian_[0-9].*Roc-rk3399-pc_noble_current_[0-9]*.[0-9]*.[0-9]*_gnome-kisak_desktop.img.xz
rpi5b/archive/Armbian_[0-9].*Rpi5b_noble_current_[0-9]*.[0-9]*.[0-9]*_gnome-kisak_desktop.img.xz
sakurapi-rk3308b/archive/Armbian_[0-9].*Sakurapi-rk3308b_noble_current_[0-9]*.[0-9]*.[0-9]*_gnome-kisak_desktop.img.xz
star64/archive/Armbian_[0-9].*Star64_noble_current_[0-9]*.[0-9]*.[0-9]*_gnome-kisak_desktop.img.xz
station-m1/archive/Armbian_[0-9].*Station-m1_noble_current_[0-9]*.[0-9]*.[0-9]*_gnome-kisak_desktop.img.xz
station-m2/archive/Armbian_[0-9].*Station-m2_noble_current_[0-9]*.[0-9]*.[0-9]*_gnome-kisak_desktop.img.xz
station-m3/archive/Armbian_[0-9].*Station-m3_noble_current_[0-9]*.[0-9]*.[0-9]*_gnome-kisak_desktop.img.xz
station-p1/archive/Armbian_[0-9].*Station-p1_noble_current_[0-9]*.[0-9]*.[0-9]*_gnome-kisak_desktop.img.xz
station-p2/archive/Armbian_[0-9].*Station-p2_noble_current_[0-9]*.[0-9]*.[0-9]*_gnome-kisak_desktop.img.xz
tinkerboard-2/archive/Armbian_[0-9].*Tinkerboard-2_noble_current_[0-9]*.[0-9]*.[0-9]*_gnome-kisak_desktop.img.xz
tinker-edge-r/archive/Armbian_[0-9].*Tinker-edge-r_noble_current_[0-9]*.[0-9]*.[0-9]*_gnome-kisak_desktop.img.xz
udoo/archive/Armbian_[0-9].*Udoo_noble_current_[0-9]*.[0-9]*.[0-9]*_gnome-kisak_desktop.img.xz
uefi-riscv64/archive/Armbian_[0-9].*Uefi-riscv64_noble_current_[0-9]*.[0-9]*.[0-9]*_gnome-kisak_desktop.img.xz
unleashed/archive/Armbian_[0-9].*Unleashed_noble_current_[0-9]*.[0-9]*.[0-9]*_gnome-kisak_desktop.img.xz
unmatched/archive/Armbian_[0-9].*Unmatched_noble_current_[0-9]*.[0-9]*.[0-9]*_gnome-kisak_desktop.img.xz
visionfive2/archive/Armbian_[0-9].*Visionfive2_noble_current_[0-9]*.[0-9]*.[0-9]*_gnome-kisak_desktop.img.xz
visionfive/archive/Armbian_[0-9].*Visionfive_noble_current_[0-9]*.[0-9]*.[0-9]*_gnome-kisak_desktop.img.xz
wdk2023/archive/Armbian_[0-9].*Wdk2023_noble_current_[0-9]*.[0-9]*.[0-9]*_gnome-kisak_desktop.img.xz
wsl2-arm64/archive/Armbian_[0-9].*Wsl2-arm64_noble_current_[0-9]*.[0-9]*.[0-9]*_gnome-kisak_desktop.img.xz
wsl2-x86/archive/Armbian_[0-9].*Wsl2-x86_noble_current_[0-9]*.[0-9]*.[0-9]*_gnome-kisak_desktop.img.xz
xiaobao-nas/archive/Armbian_[0-9].*Xiaobao-nas_noble_current_[0-9]*.[0-9]*.[0-9]*_gnome-kisak_desktop.img.xz
zeropi/archive/Armbian_[0-9].*Zeropi_noble_current_[0-9]*.[0-9]*.[0-9]*_gnome-kisak_desktop.img.xz
