Armbian_community_[0-9].*-trunk.[0-9].*_Aml-s9xx-box_bookworm_current_[0-9]*.[0-9]*.[0-9]*_gnome_desktop.img.xz
Armbian_community_[0-9].*-trunk.[0-9].*_Aml-s9xx-box_noble_current_[0-9]*.[0-9]*.[0-9]*_gnome_desktop.img.xz
avaota-a1/archive/Armbian_[0-9].*Avaota-a1_bookworm_legacy_[0-9]*.[0-9]*.[0-9]*_minimal.img.xz
avaota-a1/archive/Armbian_[0-9].*Avaota-a1_noble_legacy_[0-9]*.[0-9]*.[0-9]*_xfce_desktop.img.xz
bananapicm4io/archive/Armbian_[0-9].*Bananapicm4io_bookworm_current_[0-9]*.[0-9]*.[0-9]*_minimal.img.xz
bananapicm4io/archive/Armbian_[0-9].*Bananapicm4io_noble_current_[0-9]*.[0-9]*.[0-9]*_gnome-kisak_desktop.img.xz
bananapif3/archive/Armbian_[0-9].*Bananapif3_noble_legacy_[0-9]*.[0-9]*.[0-9]*_minimal.img.xz
bananapif3/archive/Armbian_[0-9].*Bananapif3_noble_legacy_[0-9]*.[0-9]*.[0-9]*_xfce_desktop.img.xz
bananapim2pro/archive/Armbian_[0-9].*Bananapim2pro_bookworm_current_[0-9]*.[0-9]*.[0-9]*_minimal.img.xz
bananapim2pro/archive/Armbian_[0-9].*Bananapim2pro_noble_current_[0-9]*.[0-9]*.[0-9]*_gnome-kisak_desktop.img.xz
bananapim2s/archive/Armbian_[0-9].*Bananapim2s_bookworm_current_[0-9]*.[0-9]*.[0-9]*_minimal.img.xz
bananapim2s/archive/Armbian_[0-9].*Bananapim2s_noble_current_[0-9]*.[0-9]*.[0-9]*_gnome-kisak_desktop.img.xz
bananapim4zero/archive/Armbian_[0-9].*Bananapim4zero_bookworm_current_[0-9]*.[0-9]*.[0-9]*_minimal.img.xz
bananapim4zero/archive/Armbian_[0-9].*Bananapim4zero_noble_current_[0-9]*.[0-9]*.[0-9]*_gnome-kisak_desktop.img.xz
bananapim5/archive/Armbian_[0-9].*Bananapim5_noble_current_[0-9]*.[0-9]*.[0-9]*_gnome-kisak_desktop.img.xz
bananapim5/archive/Armbian_[0-9].*Bananapim5_bookworm_current_[0-9]*.[0-9]*.[0-9]*_minimal.img.xz
bananapim7/archive/Armbian_[0-9].*Bananapim7_noble_vendor_[0-9]*.[0-9]*.[0-9]*_gnome-kisak_desktop.img.xz
bananapim7/archive/Armbian_[0-9].*Bananapim7_bookworm_vendor_[0-9]*.[0-9]*.[0-9]*_minimal.img.xz
bigtreetech-cb1/archive/Armbian_[0-9].*Bigtreetech-cb1_noble_current_[0-9]*.[0-9]*.[0-9]*_xfce_desktop.img.xz
bigtreetech-cb1/archive/Armbian_[0-9].*Bigtreetech-cb1_bookworm_current_[0-9]*.[0-9]*.[0-9]*_minimal.img.xz
helios64/archive/Armbian_[0-9].*Helios64_bookworm_current_[0-9]*.[0-9]*.[0-9]*_minimal.img.xz
helios64/archive/Armbian_[0-9].*Helios64_noble_current_[0-9]*.[0-9]*.[0-9]*.img.xz
inovato-quadra/archive/Armbian_[0-9].*Inovato-quadra_bookworm_current_[0-9]*.[0-9]*.[0-9]*_minimal.img.xz
inovato-quadra/archive/Armbian_[0-9].*Inovato-quadra_noble_current_[0-9]*.[0-9]*.[0-9]*_xfce_desktop.img.xz
jethubj200/archive/Armbian_[0-9].*Jethubj200_bookworm_current_[0-9]*.[0-9]*.[0-9]*.img.xz
jethubj200/archive/Armbian_[0-9].*Jethubj200_noble_current_[0-9]*.[0-9]*.[0-9]*_xfce_desktop.img.xz
jethubj100/archive/Armbian_[0-9].*Jethubj100_bookworm_current_[0-9]*.[0-9]*.[0-9]*_minimal.img.xz
jethubj100/archive/Armbian_[0-9].*Jethubj100_noble_current_[0-9]*.[0-9]*.[0-9]*.img.xz
jethubj80/archive/Armbian_[0-9].*Jethubj80_noble_current_[0-9]*.[0-9]*.[0-9]*.img.xz
jethubj80/archive/Armbian_[0-9].*Jethubj80_bookworm_current_[0-9]*.[0-9]*.[0-9]*_minimal.img.xz
khadas-edge2/archive/Armbian_[0-9].*Khadas-edge2_bookworm_vendor_[0-9]*.[0-9]*.[0-9]*_minimal.oowow.img.xz
khadas-edge2/archive/Armbian_[0-9].*Khadas-edge2_noble_vendor_[0-9]*.[0-9]*.[0-9]*_gnome-kisak_desktop.oowow.img.xz
khadas-vim1/archive/Armbian_[0-9].*Khadas-vim1_bookworm_current_[0-9]*.[0-9]*.[0-9]*_minimal.img.xz
khadas-vim1/archive/Armbian_[0-9].*Khadas-vim1_noble_current_[0-9]*.[0-9]*.[0-9]*_gnome-kisak_desktop.img.xz
khadas-vim1s/archive/Armbian_[0-9].*Khadas-vim1s_bookworm_legacy_[0-9]*.[0-9]*.[0-9]*_minimal.oowow.img.xz
khadas-vim1s/archive/Armbian_[0-9].*Khadas-vim1s_noble_legacy_[0-9]*.[0-9]*.[0-9]*_gnome_desktop.oowow.img.xz
khadas-vim2/archive/Armbian_[0-9].*Khadas-vim2_bookworm_current_[0-9]*.[0-9]*.[0-9]*_minimal.img.xz
khadas-vim2/archive/Armbian_[0-9].*Khadas-vim2_noble_current_[0-9]*.[0-9]*.[0-9]*_gnome-kisak_desktop.img.xz
khadas-vim3/archive/Armbian_[0-9].*Khadas-vim3_bookworm_current_[0-9]*.[0-9]*.[0-9]*_minimal.oowow.img.xz
khadas-vim3/archive/Armbian_[0-9].*Khadas-vim3_noble_current_[0-9]*.[0-9]*.[0-9]*_gnome-kisak_desktop.oowow.img.xz
khadas-vim3l/archive/Armbian_[0-9].*Khadas-vim3l_bookworm_current_[0-9]*.[0-9]*.[0-9]*_minimal.oowow.img.xz
khadas-vim3l/archive/Armbian_[0-9].*Khadas-vim3l_noble_current_[0-9]*.[0-9]*.[0-9]*_gnome-kisak_desktop.oowow.img.xz
khadas-vim4/archive/Armbian_[0-9].*Khadas-vim4_bookworm_legacy_[0-9]*.[0-9]*.[0-9]*_minimal.oowow.img.xz
khadas-vim4/archive/Armbian_[0-9].*Khadas-vim4_noble_legacy_[0-9]*.[0-9]*.[0-9]*_gnome_desktop.oowow.img.xz
lafrite/archive/Armbian_[0-9].*Lafrite_noble_current_[0-9]*.[0-9]*.[0-9]*_gnome-kisak_desktop.img.xz
lafrite/archive/Armbian_[0-9].*Lafrite_bookworm_current_[0-9]*.[0-9]*.[0-9]*_minimal.img.xz
lepotato/archive/Armbian_[0-9].*Lepotato_noble_current_[0-9]*.[0-9]*.[0-9]*_gnome-kisak_desktop.img.xz
lepotato/archive/Armbian_[0-9].*Lepotato_bookworm_current_[0-9]*.[0-9]*.[0-9]*_minimal.img.xz
thinkpad-x13s/archive/Armbian_[0-9].*Thinkpad-x13s_trixie_sc8280xp_[0-9]*.[0-9]*.[0-9]*_gnome_desktop.img.xz
thinkpad-x13s/archive/Armbian_[0-9].*Thinkpad-x13s_noble_sc8280xp_[0-9]*.[0-9]*.[0-9]*_gnome_desktop.img.xz
mba8mpxl/archive/Armbian_[0-9].*Mba8mpxl_bookworm_current_[0-9]*.[0-9]*.[0-9]*_minimal.img.xz
mba8mpxl/archive/Armbian_[0-9].*Mba8mpxl_noble_current_[0-9]*.[0-9]*.[0-9]*_xfce_desktop.img.xz
mba8mpxl-ras314/archive/Armbian_[0-9].*Mba8mpxl-ras314_bookworm_current_[0-9]*.[0-9]*.[0-9]*_minimal.img.xz
mba8mpxl-ras314/archive/Armbian_[0-9].*Mba8mpxl-ras314_noble_current_[0-9]*.[0-9]*.[0-9]*_xfce_desktop.img.xz
nanopi-r4s/archive/Armbian_[0-9].*Nanopi-r4s_bookworm_current_[0-9]*.[0-9]*.[0-9]*_minimal.img.xz
nanopi-r4s/archive/Armbian_[0-9].*Nanopi-r4s_noble_current_[0-9]*.[0-9]*.[0-9]*.img.xz
nanopi-r6s/archive/Armbian_[0-9].*Nanopi-r6s_bookworm_vendor_[0-9]*.[0-9]*.[0-9]*_minimal.img.xz
nanopi-r6s/archive/Armbian_[0-9].*Nanopi-r6s_noble_vendor_[0-9]*.[0-9]*.[0-9]*_gnome-kisak_desktop.img.xz
nanopi-m6/archive/Armbian_[0-9].*Nanopi-m6_bookworm_vendor_[0-9]*.[0-9]*.[0-9]*_minimal.img.xz
nanopi-m6/archive/Armbian_[0-9].*Nanopi-m6_noble_vendor_[0-9]*.[0-9]*.[0-9]*_gnome-kisak_desktop.img.xz
nanopct6/archive/Armbian_[0-9].*Nanopct6_bookworm_vendor_[0-9]*.[0-9]*.[0-9]*_minimal.img.xz
nanopct6/archive/Armbian_[0-9].*Nanopct6_noble_vendor_[0-9]*.[0-9]*.[0-9]*_gnome-kisak_desktop.img.xz
nanopct6-lts/archive/Armbian_[0-9].*Nanopct6-lts_bookworm_vendor_[0-9]*.[0-9]*.[0-9]*_minimal.img.xz
nanopct6-lts/archive/Armbian_[0-9].*Nanopct6-lts_noble_vendor_[0-9]*.[0-9]*.[0-9]*_gnome-kisak_desktop.img.xz
nanopim4v2/archive/Armbian_[0-9].*Nanopim4v2_bookworm_current_[0-9]*.[0-9]*.[0-9]*_minimal.img.xz
nanopim4v2/archive/Armbian_[0-9].*Nanopim4v2_noble_current_[0-9]*.[0-9]*.[0-9]*_gnome-kisak_desktop.img.xz
odroidc2/archive/Armbian_[0-9].*Odroidc2_bookworm_current_[0-9]*.[0-9]*.[0-9]*_minimal.img.xz
odroidc2/archive/Armbian_[0-9].*Odroidc2_noble_current_[0-9]*.[0-9]*.[0-9]*_gnome-kisak_desktop.img.xz
odroidc4/archive/Armbian_[0-9].*Odroidc4_bookworm_current_[0-9]*.[0-9]*.[0-9]*_minimal.img.xz
odroidc4/archive/Armbian_[0-9].*Odroidc4_noble_current_[0-9]*.[0-9]*.[0-9]*_xfce_desktop.img.xz
odroidhc4/archive/Armbian_[0-9].*Odroidhc4_bookworm_current_[0-9]*.[0-9]*.[0-9]*_minimal.img.xz
odroidhc4/archive/Armbian_[0-9].*Odroidhc4_noble_current_[0-9]*.[0-9]*.[0-9]*_xfce_desktop.img.xz
odroidm1/archive/Armbian_[0-9].*Odroidm1_bookworm_current_[0-9]*.[0-9]*.[0-9]*_minimal.img.xz
odroidm1/archive/Armbian_[0-9].*Odroidm1_noble_current_[0-9]*.[0-9]*.[0-9]*_gnome-kisak_desktop.img.xz
odroidn2/archive/Armbian_[0-9].*Odroidn2_bookworm_current_[0-9]*.[0-9]*.[0-9]*_minimal.img.xz
odroidn2/archive/Armbian_[0-9].*Odroidn2_noble_current_[0-9]*.[0-9]*.[0-9]*_gnome-kisak_desktop.img.xz
odroidxu4/archive/Armbian_[0-9].*Odroidxu4_bookworm_current_[0-9]*.[0-9]*.[0-9]*_minimal.img.xz
odroidxu4/archive/Armbian_[0-9].*Odroidxu4_bookworm_current_[0-9]*.[0-9]*.[0-9]*_xfce_desktop.img.xz
olimex-teres-a64/archive/Armbian_[0-9].*Olimex-teres-a64_bookworm_current_[0-9]*.[0-9]*.[0-9]*_xfce_desktop.img.xz
olimex-teres-a64/archive/Armbian_[0-9].*Olimex-teres-a64_noble_current_[0-9]*.[0-9]*.[0-9]*_gnome_desktop.img.xz
orangepi4-lts/archive/Armbian_[0-9].*Orangepi4-lts_bookworm_current_[0-9]*.[0-9]*.[0-9]*_minimal.img.xz
orangepi4-lts/archive/Armbian_[0-9].*Orangepi4-lts_noble_current_[0-9]*.[0-9]*.[0-9]*_gnome-kisak_desktop.img.xz
orangepi3b/archive/Armbian_[0-9].*Orangepi3b_bookworm_vendor_[0-9]*.[0-9]*.[0-9]*_minimal.img.xz
orangepi3b/archive/Armbian_[0-9].*Orangepi3b_noble_vendor_[0-9]*.[0-9]*.[0-9]*_gnome-kisak_desktop.img.xz
orangepi5/archive/Armbian_[0-9].*Orangepi5_bookworm_vendor_[0-9]*.[0-9]*.[0-9]*_minimal.img.xz
orangepi5/archive/Armbian_[0-9].*Orangepi5_noble_vendor_[0-9]*.[0-9]*.[0-9]*_gnome-kisak_desktop.img.xz
orangepi5-plus/archive/Armbian_[0-9].*Orangepi5-plus_bookworm_vendor_[0-9]*.[0-9]*.[0-9]*_minimal.img.xz
orangepi5-plus/archive/Armbian_[0-9].*Orangepi5-plus_noble_vendor_[0-9]*.[0-9]*.[0-9]*_gnome-kisak_desktop.img.xz
orangepi5pro/archive/Armbian_[0-9].*Orangepi5pro_bookworm_vendor_[0-9]*.[0-9]*.[0-9]*_minimal.img.xz
orangepi5pro/archive/Armbian_[0-9].*Orangepi5pro_noble_vendor_[0-9]*.[0-9]*.[0-9]*_kde-neon-kisak_desktop.img.xz
orangepione/archive/Armbian_[0-9].*Orangepione_bookworm_current_[0-9]*.[0-9]*.[0-9]*_minimal.img.xz
orangepione/archive/Armbian_[0-9].*Orangepione_noble_current_[0-9]*.[0-9]*.[0-9]*_xfce_desktop.img.xz
orangepizero2/archive/Armbian_[0-9].*Orangepizero2_bookworm_current_[0-9]*.[0-9]*.[0-9]*_minimal.img.xz
orangepizero2/archive/Armbian_[0-9].*Orangepizero2_noble_current_[0-9]*.[0-9]*.[0-9]*_xfce_desktop.img.xz
orangepizero2w/archive/Armbian_[0-9].*Orangepizero2w_bookworm_current_[0-9]*.[0-9]*.[0-9]*_minimal.img.xz
orangepizero2w/archive/Armbian_[0-9].*Orangepizero2w_bookworm_current_[0-9]*.[0-9]*.[0-9]*_xfce_desktop.img.xz
orangepizeroplus/archive/Armbian_[0-9].*Orangepizeroplus_bookworm_current_[0-9]*.[0-9]*.[0-9]*.img.xz
orangepizeroplus/archive/Armbian_[0-9].*Orangepizeroplus_jammy_current_[0-9]*.[0-9]*.[0-9]*.img.xz
phytiumpi/archive/Armbian_[0-9].*Phytiumpi_bookworm_legacy_[0-9]*.[0-9]*.[0-9]*_minimal.img.xz
phytiumpi/archive/Armbian_[0-9].*Phytiumpi_noble_legacy_[0-9]*.[0-9]*.[0-9]*_xfce_desktop.img.xz
pine64/archive/Armbian_[0-9].*Pine64_bookworm_current_[0-9]*.[0-9]*.[0-9]*_minimal.img.xz
pine64/archive/Armbian_[0-9].*Pine64_noble_current_[0-9]*.[0-9]*.[0-9]*_gnome-kisak_desktop.img.xz
pinebook-pro/archive/Armbian_[0-9].*Pinebook-pro_bookworm_current_[0-9]*.[0-9]*.[0-9]*_minimal.img.xz
pinebook-pro/archive/Armbian_[0-9].*Pinebook-pro_noble_current_[0-9]*.[0-9]*.[0-9]*_gnome-kisak_desktop.img.xz
rock-s0/archive/Armbian_[0-9].*Rock-s0_bookworm_current_[0-9]*.[0-9]*.[0-9]*_minimal.img.xz
rock-s0/archive/Armbian_[0-9].*Rock-s0_noble_current_[0-9]*.[0-9]*.[0-9]*.img.xz
rockpi-e/archive/Armbian_[0-9].*Rockpi-e_bookworm_current_[0-9]*.[0-9]*.[0-9]*_minimal.img.xz
rockpi-e/archive/Armbian_[0-9].*Rockpi-e_noble_current_[0-9]*.[0-9]*.[0-9]*.img.xz
rockpi-s/archive/Armbian_[0-9].*Rockpi-s_bookworm_current_[0-9]*.[0-9]*.[0-9]*_minimal.img.xz
rockpi-s/archive/Armbian_[0-9].*Rockpi-s_noble_current_[0-9]*.[0-9]*.[0-9]*.img.xz
rock-5c/archive/Armbian_[0-9].*Rock-5c_noble_vendor_[0-9]*.[0-9]*.[0-9]*_gnome-kisak_desktop.img.xz
rock-5c/archive/Armbian_[0-9].*Rock-5c_bookworm_vendor_[0-9]*.[0-9]*.[0-9]*_minimal.img.xz
rock-5b-plus/archive/Armbian_[0-9].*Rock-5b-plus_noble_vendor_[0-9]*.[0-9]*.[0-9]*_gnome-kisak_desktop.img.xz
rock-5b-plus/archive/Armbian_[0-9].*Rock-5b-plus_bookworm_vendor_[0-9]*.[0-9]*.[0-9]*_minimal.img.xz
rock-3a/archive/Armbian_[0-9].*Rock-3a_noble_current_[0-9]*.[0-9]*.[0-9]*_gnome-kisak_desktop.img.xz
rock-3a/archive/Armbian_[0-9].*Rock-3a_bookworm_current_[0-9]*.[0-9]*.[0-9]*_minimal.img.xz
rock-5-itx/archive/Armbian_[0-9].*Rock-5-itx_noble_vendor_[0-9]*.[0-9]*.[0-9]*_gnome-kisak_desktop.img.xz
rock-5-itx/archive/Armbian_[0-9].*Rock-5-itx_bookworm_vendor_[0-9]*.[0-9]*.[0-9]*_minimal.img.xz
radxa-zero/archive/Armbian_[0-9].*Radxa-zero_bookworm_current_[0-9]*.[0-9]*.[0-9]*_minimal.img.xz
radxa-zero/archive/Armbian_[0-9].*Radxa-zero_noble_current_[0-9]*.[0-9]*.[0-9]*.img.xz
radxa-zero3/archive/Armbian_[0-9].*Radxa-zero3_bookworm_vendor_[0-9]*.[0-9]*.[0-9]*_minimal.img.xz
radxa-zero3/archive/Armbian_[0-9].*Radxa-zero3_noble_vendor_[0-9]*.[0-9]*.[0-9]*.img.xz
renegade/archive/Armbian_[0-9].*Renegade_bookworm_current_[0-9]*.[0-9]*.[0-9]*_minimal.img.xz
renegade/archive/Armbian_[0-9].*Renegade_noble_current_[0-9]*.[0-9]*.[0-9]*_gnome-kisak_desktop.img.xz
rockpro64/archive/Armbian_[0-9].*Rockpro64_bookworm_current_[0-9]*.[0-9]*.[0-9]*_minimal.img.xz
rockpro64/archive/Armbian_[0-9].*Rockpro64_noble_current_[0-9]*.[0-9]*.[0-9]*_gnome-kisak_desktop.img.xz
rpi4b/archive/Armbian_[0-9].*Rpi4b_bookworm_current_[0-9]*.[0-9]*.[0-9]*_minimal.img.xz
rpi4b/archive/Armbian_[0-9].*Rpi4b_noble_current_[0-9]*.[0-9]*.[0-9]*_gnome_desktop.img.xz
sk-am62b/archive/Armbian_[0-9].*Sk-am62b_bookworm_edge_[0-9]*.[0-9]*.[0-9]*_minimal.img.xz
sk-am62b/archive/Armbian_[0-9].*Sk-am62b_noble_edge_[0-9]*.[0-9]*.[0-9]*.img.xz
sk-am64b/archive/Armbian_[0-9].*Sk-am64b_bookworm_current_[0-9]*.[0-9]*.[0-9]*_minimal.img.xz
sk-am64b/archive/Armbian_[0-9].*Sk-am64b_noble_current_[0-9]*.[0-9]*.[0-9]*.img.xz
sk-am68/archive/Armbian_[0-9].*Sk-am68_bookworm_current_[0-9]*.[0-9]*.[0-9]*_minimal.img.xz
sk-am68/archive/Armbian_[0-9].*Sk-am68_noble_current_[0-9]*.[0-9]*.[0-9]*_gnome_desktop.img.xz
sk-tda4vm/archive/Armbian_[0-9].*Sk-tda4vm_bookworm_current_[0-9]*.[0-9]*.[0-9]*_minimal.img.xz
sk-tda4vm/archive/Armbian_[0-9].*Sk-tda4vm_noble_current_[0-9]*.[0-9]*.[0-9]*_gnome_desktop.img.xz
sweet-potato/archive/Armbian_[0-9].*Sweet-potato_bookworm_current_[0-9]*.[0-9]*.[0-9]*_minimal.img.xz
sweet-potato/archive/Armbian_[0-9].*Sweet-potato_noble_current_[0-9]*.[0-9]*.[0-9]*_gnome-kisak_desktop.img.xz
tinkerboard/archive/Armbian_[0-9].*Tinkerboard_bookworm_current_[0-9]*.[0-9]*.[0-9]*_minimal.img.xz
tinkerboard/archive/Armbian_[0-9].*Tinkerboard_noble_current_[0-9]*.[0-9]*.[0-9]*_xfce_desktop.img.xz
tritium-h3/archive/Armbian_[0-9].*Tritium-h3_noble_current_[0-9]*.[0-9]*.[0-9]*_minimal.img.xz
tritium-h3/archive/Armbian_[0-9].*Tritium-h3_bookworm_current_[0-9]*.[0-9]*.[0-9]*_minimal.img.xz
tritium-h5/archive/Armbian_[0-9].*Tritium-h5_bookworm_current_[0-9]*.[0-9]*.[0-9]*_minimal.img.xz
tritium-h5/archive/Armbian_[0-9].*Tritium-h5_noble_current_[0-9]*.[0-9]*.[0-9]*_gnome_desktop.img.xz
uefi-riscv64/archive/Armbian_[0-9].*Uefi-riscv64_noble_current_[0-9]*.[0-9]*.[0-9]*_minimal.img.xz
uefi-riscv64/archive/Armbian_[0-9].*Uefi-riscv64_noble_current_[0-9]*.[0-9]*.[0-9]*_xfce_desktop.img.xz
uefi-arm64/archive/Armbian_[0-9].*Uefi-arm64_bookworm_current_[0-9]*.[0-9]*.[0-9]*_minimal.img.xz
uefi-arm64/archive/Armbian_[0-9].*Uefi-arm64_noble_current_[0-9]*.[0-9]*.[0-9]*_gnome-kisak_desktop.img.xz
uefi-x86/archive/Armbian_[0-9].*Uefi-x86_bookworm_current_[0-9]*.[0-9]*.[0-9]*_minimal.img.xz
uefi-x86/archive/Armbian_[0-9].*Uefi-x86_noble_current_[0-9]*.[0-9]*.[0-9]*_gnome-kisak_desktop.img.xz
xiaomi-umi/archive/Armbian_[0-9].*Xiaomi-umi_noble_current_[0-9]*.[0-9]*.[0-9]*_gnome_desktop.rootfs.img.xz
xiaomi-umi/archive/Armbian_[0-9].*Xiaomi-umi_trixie_current_[0-9]*.[0-9]*.[0-9]*_gnome_desktop.rootfs.img.xz
xiaomi-elish/archive/Armbian_[0-9].*Xiaomi-elish_noble_current_[0-9]*.[0-9]*.[0-9]*_gnome_desktop.rootfs.img.xz
xiaomi-elish/archive/Armbian_[0-9].*Xiaomi-elish_trixie_current_[0-9]*.[0-9]*.[0-9]*_gnome_desktop.rootfs.img.xz
youyeetoo-r1-v3/archive/Armbian_[0-9].*Youyeetoo-r1-v3_noble_vendor_[0-9]*.[0-9]*.[0-9]*_gnome-kisak_desktop.img.xz
youyeetoo-r1-v3/archive/Armbian_[0-9].*Youyeetoo-r1-v3_bookworm_vendor_[0-9]*.[0-9]*.[0-9]*_minimal.img.xz
