Aml-s9xx-box_bookworm_current*
Aml-s9xx-box_jammy_current*_gnome_desktop
Bananapicm4io_bookworm_current*
Bananapicm4io_jammy_current*
Bananapim2pro_bookworm_current*
Bananapim2pro_jammy_current*_gnome_desktop
Bananapim2s_bookworm_current*
Bananapim2s_jammy_current*_xfce_desktop
Bananapim5_bookworm_current*
Bananapim5_jammy_current*_gnome_desktop
Bigtreetech-cb1_bookworm_legacy*
Bigtreetech-cb1_jammy_legacy*_xfce_desktop
Clearfogbase_bookworm_current*
Clearfogbase_jammy_current*
Clearfogpro_bookworm_current*
Clearfogpro_jammy_current*
Clockworkpi-a06_bookworm_current*
Clockworkpi-a06_jammy_current*_xfce_desktop
Cubox-i_bookworm_current*
Cubox-i_jammy_current*_xfce_desktop
Espressobin_bookworm_current*
Helios4_bookworm_current*
Helios4_jammy_current*
Helios64_bookworm_current*
Helios64_jammy_current*_xfce_desktop
Hikey960_bookworm_current*
Hikey960_jammy_current*_xfce_desktop
Jethubj100_bookworm_current*
Jethubj100_jammy_current*
Jethubj80_bookworm_current*
Jethubj80_jammy_current*
Khadas-edge_bookworm_current*
Khadas-edge_jammy_current*_xfce_desktop
Khadas-edge2_bookworm_legacy*.oowow
Khadas-edge2_jammy_legacy*_gnome-amazingfated_desktop.oowow
Khadas-vim1_bookworm_current*
Khadas-vim1_jammy_current*_gnome_desktop
Khadas-vim1s_bookworm_legacy*.oowow
Khadas-vim1s_jammy_legacy*_xfce_desktop.oowow
Khadas-vim2_bookworm_current*
Khadas-vim2_jammy_current*_gnome_desktop
Khadas-vim3_bookworm_current*.oowow
Khadas-vim3_jammy_current*_gnome_desktop.oowow
Khadas-vim3l_bookworm_current*.oowow
Khadas-vim3l_jammy_current*_gnome_desktop.oowow
Khadas-vim4_bookworm_legacy*.oowow
Khadas-vim4_jammy_legacy*_gnome_desktop.oowow
Lafrite_bookworm_current*
Lafrite_jammy_current*
Lepotato_bookworm_current*
Lepotato_jammy_current*
Mekotronics-r58-minipc_bookworm_legacy*
Mekotronics-r58-minipc_jammy_legacy*
Mekotronics-r58x-4g_bookworm_legacy*
Mekotronics-r58x-4g_jammy_legacy*
Mekotronics-r58x-pro_bookworm_legacy*
Mekotronics-r58x-pro_jammy_legacy*
Mekotronics-r58x_bookworm_legacy*
Mekotronics-r58x-4g_jammy_legacy*
Mekotronics-r58x-pro_jammy_legacy*
Mekotronics-r58x_jammy_legacy*
Mixtile-blade3_bookworm_legacy*
Mixtile-blade3_jammy_legacy*_gnome-amazingfated_desktop
Nanopct6_bookworm_legacy*
Nanopct6_jammy_legacy*_gnome-amazingfated_desktop
Nanopi-r2c_bookworm_current*
Nanopi-r2c_jammy_current*
Nanopi-r2s_bookworm_current*
Nanopi-r2s_jammy_current*
Nanopi-r4s_bookworm_current*
Nanopi-r4s_jammy_current*
Nanopi-r4se_jammy_current*
Nanopi-r4se_bookworm_current*
Nanopi-r4se_jammy_current*
Nanopi-r6s_bookworm_legacy*
Nanopi-r6s_jammy_legacy*_gnome-amazingfated_desktop
Nanopik2-s905_bookworm_current*
Nanopik2-s905_jammy_current*_xfce_desktop
Nanopim4_bookworm_current*
Nanopim4_jammy_current*_xfce_desktop
Nanopim4v2_bookworm_current*
Nanopim4v2_jammy_current*_xfce_desktop
Nanopineo3_bookworm_current*
Nanopineo3_jammy_current*
Nanopineo4_bookworm_current*
Nanopineo4_jammy_current*_xfce_desktop
Odroidc2_bookworm_current*
Odroidc2_jammy_current*_xfce_desktop
Odroidc4_bookworm_current*
Odroidc4_jammy_current*_xfce_desktop
Odroidhc4_bookworm_current*
Odroidhc4_jammy_current*_xfce_desktop
Odroidm1_bookworm_current*
Odroidm1_jammy_current*_gnome_desktop
Odroidn2_bookworm_current*
Odroidn2_jammy_current*_gnome_desktop
Odroidxu4_bookworm_current*
Odroidxu4_jammy_current*_xfce_desktop
Onecloud_bookworm_current*
Onecloud_jammy_current*_xfce_desktop
Orangepi-r1plus-lts_bookworm_current*
Orangepi-r1plus-lts_jammy_current*
Orangepi-r1plus_bookworm_current*
Orangepi-r1plus-lts_jammy_current*
Orangepi-r1plus_jammy_current*
Orangepi-rk3399_bookworm_current*
Orangepi-rk3399_jammy_current*_xfce_desktop
Orangepi4-lts_bookworm_current*
Orangepi4-lts_jammy_current*
Orangepi4_bookworm_current*
Orangepi4_jammy_current*_xfce_desktop
Orangepi5-plus_bookworm_legacy*
Orangepi5-plus_jammy_legacy*_gnome-amazingfated_desktop
Orangepi5_bookworm_legacy*
Orangepi5_jammy_legacy*_gnome-amazingfated_desktop
Panther-x2_bookworm_current*
Panther-x2_jammy_current*_xfce_desktop
Pinebook-pro_bookworm_current*
Pinebook-pro_jammy_current*
Quartz64a_bookworm_current*
Quartz64a_jammy_current*_xfce_desktop
Quartz64b_bookworm_current*
Quartz64b_jammy_current*_xfce_desktop
Radxa-zero_bookworm_current*
Radxa-zero_jammy_current*_xfce_desktop
Radxa-zero2_bookworm_current*
Radxa-zero2_jammy_current*_xfce_desktop
Renegade_bookworm_current*
Renegade_jammy_current*
Rk322x-box_bookworm_current*
Rk322x-box_jammy_current*_xfce_desktop
Rk3318-box_bookworm_current*
Rk3318-box_jammy_current*_xfce_desktop
Roc-rk3399-pc_bookworm_current*
Roc-rk3399-pc_jammy_current*_xfce_desktop
Rock-4se_bookworm_current*
Rock-4se_jammy_current*_xfce_desktop
Rock-5a_bookworm_legacy*
Rock-5a_jammy_legacy*_gnome-amazingfated_desktop
Rock-5b_bookworm_legacy*
Rock-5b_jammy_legacy*_gnome-amazingfated_desktop
Rock64_bookworm_current*
Rock64_jammy_current*_xfce_desktop
Rockpi-4a_bookworm_current*
Rockpi-4a_jammy_current*_xfce_desktop
Rockpi-4b_bookworm_current*
Rockpi-4b_jammy_current*_xfce_desktop
Rockpi-4bplus_bookworm_edge*
Rockpi-4bplus_jammy_edge*_xfce_desktop
Rockpi-4c_bookworm_current*
Rockpi-4c_jammy_current*_xfce_desktop
Rockpi-4cplus_bookworm_current*
Rockpi-4cplus_jammy_current*_xfce_desktop
Rockpi-e_bookworm_current*
Rockpi-e_jammy_current*
Rockpi-n10_bookworm_current*
Rockpi-n10_jammy_current*_xfce_desktop
Rockpro64_bookworm_current*
Rockpro64_jammy_current*
Rpi5b_bookworm_current*
Rpi5b_jammy_current*_gnome_desktop
Sk-am62b_bookworm_edge*
Sk-am62b_jammy_edge*
Sk-am64b_bookworm_current*
Sk-am64b_jammy_current*
Sk-tda4vm_bookworm_current*
Sk-tda4vm_jammy_current*_xfce_desktop
Tinkerboard-2_bookworm_current*
Tinkerboard-2_jammy_current*_xfce_desktop
Tinkerboard_bookworm_current*
Tinkerboard_jammy_current*_xfce_desktop
Udoo_bookworm_current*
Udoo_jammy_current*_xfce_desktop
Wsl2-arm64_bookworm_current*.img
Wsl2-arm64_jammy_current*.img
Wsl2-x86_bookworm_current*.img
Wsl2-x86_jammy_current*.img
Xt-q8l-v10_bookworm_current*
Xt-q8l-v10_jammy_current*_xfce_desktop
