khadas-vim1s,legacy:current:edge:,ENABLE_EXTENSIONS="image-output-oowow"
khadas-vim3,legacy:current:edge:,ENABLE_EXTENSIONS="image-output-oowow,3d"
khadas-vim3l,legacy:current:edge:,ENABLE_EXTENSIONS="image-output-oowow,3d"
khadas-vim4,legacy:current:edge:,ENABLE_EXTENSIONS="image-output-oowow"
khadas-edge2,current:edge:,ENABLE_EXTENSIONS="image-output-oowow,3d"
armsom-sige7,legacy:vendor:,ENABLE_EXTENSIONS="v4l2loopback-dkms,3d"
armsom-w3,legacy:vendor:,ENABLE_EXTENSIONS="v4l2loopback-dkms,3d"
fxblox-rk1,legacy:vendor:,ENABLE_EXTENSIONS="v4l2loopback-dkms,3d"
hinlink-h88k,legacy:vendor:,ENABLE_EXTENSIONS="v4l2loopback-dkms,3d"
indiedroid-nova,legacy:vendor:,ENABLE_EXTENSIONS="v4l2loopback-dkms,3d"
khadas-edge2,legacy:vendor:,ENABLE_EXTENSIONS="image-output-oowow,v4l2loopback-dkms,3d"
mekotronics-r58-minipc,legacy:vendor:,ENABLE_EXTENSIONS="v4l2loopback-dkms,3d"
mekotronics-r58x-4g,legacy:vendor:,ENABLE_EXTENSIONS="v4l2loopback-dkms,3d"
mekotronics-r58x,legacy:vendor:,ENABLE_EXTENSIONS="v4l2loopback-dkms,3d"
mekotronics-r58x-pro,legacy:vendor:,ENABLE_EXTENSIONS="v4l2loopback-dkms,3d"
mixtile-blade3,legacy:vendor:,ENABLE_EXTENSIONS="v4l2loopback-dkms,3d"
nanopct6,legacy:vendor:,ENABLE_EXTENSIONS="v4l2loopback-dkms,3d"
nanopi-r6s,legacy:vendor:,ENABLE_EXTENSIONS="v4l2loopback-dkms,3d"
nanopi-r6s,current:edge:,ENABLE_EXTENSIONS="3d"
odroidm1,current:edge:,ENABLE_EXTENSIONS="3d"
odroidc2,current:edge:,ENABLE_EXTENSIONS="3d"
odroidn2,current:edge:,ENABLE_EXTENSIONS="3d"
odroidn2l,current:edge:,ENABLE_EXTENSIONS="3d"
orangepi4-lts,current:edge:,ENABLE_EXTENSIONS="3d"
orangepi5,legacy:vendor:,ENABLE_EXTENSIONS="v4l2loopback-dkms,3d"
orangepi5,current:edge:,ENABLE_EXTENSIONS="3d"
orangepi5-plus,legacy:vendor:,ENABLE_EXTENSIONS="v4l2loopback-dkms,3d"
orangepi5-plus,current:edge:,ENABLE_EXTENSIONS="3d"
orangepi5pro,legacy:vendor:,ENABLE_EXTENSIONS="v4l2loopback-dkms,3d"
pine64,current:edge:,ENABLE_EXTENSIONS="3d"
pinebook-pro,current:edge:,ENABLE_EXTENSIONS="3d"
radxa-zero,current:edge:,ENABLE_EXTENSIONS="3d"
renegade,current:edge:,ENABLE_EXTENSIONS="3d"
rock-5a,current:edge:,ENABLE_EXTENSIONS="3d"
rock-5b,current:edge:,ENABLE_EXTENSIONS="3d"
rock-5c,current:edge:,ENABLE_EXTENSIONS="3d"
rock-5-itx,current:edge:,ENABLE_EXTENSIONS="3d"
rock-5a,legacy:vendor:,ENABLE_EXTENSIONS="v4l2loopback-dkms,3d"
rock-5b,legacy:vendor:,ENABLE_EXTENSIONS="v4l2loopback-dkms,3d"
rock-5c,legacy:vendor:,ENABLE_EXTENSIONS="v4l2loopback-dkms,3d"
rock-5-cmio,legacy:,ENABLE_EXTENSIONS="v4l2loopback-dkms,3d"
rock-5-itx,legacy:vendor:,ENABLE_EXTENSIONS="v4l2loopback-dkms,3d"
rockpro64,current:edge:,ENABLE_EXTENSIONS="3d"
station-m3,legacy:vendor:,ENABLE_EXTENSIONS="v4l2loopback-dkms,3d"
bananapim7,vendor:,ENABLE_EXTENSIONS="v4l2loopback-dkms,3d"
bananapim7,edge:,ENABLE_EXTENSIONS="3d"
bananapicm4io,current:edge:,ENABLE_EXTENSIONS="3d"
bananapim2pro,current:edge:,ENABLE_EXTENSIONS="3d"
bananapim2s,current:edge:,ENABLE_EXTENSIONS="3d"
bananapim4zero,current:edge:,ENABLE_EXTENSIONS="3d"
bananapim5,current:edge:,ENABLE_EXTENSIONS="3d"
khadas-vim1,current:edge:,ENABLE_EXTENSIONS="3d"
khadas-vim2,current:edge:,ENABLE_EXTENSIONS="3d"
lafrite,current:edge:,ENABLE_EXTENSIONS="3d"
lepotato,current:edge:,ENABLE_EXTENSIONS="3d"
uefi-arm64,current:edge:,ENABLE_EXTENSIONS="3d"
uefi-x86,current:edge:,ENABLE_EXTENSIONS="3d"
