khadas-vim1s,legacy:current:edge:,ENABLE_EXTENSIONS="image-output-oowow"
khadas-vim3,legacy:current:edge:,ENABLE_EXTENSIONS="image-output-oowow,mesa-vpu"
khadas-vim3l,legacy:current:edge:,ENABLE_EXTENSIONS="image-output-oowow,mesa-vpu"
khadas-vim4,legacy:current:edge:,ENABLE_EXTENSIONS="image-output-oowow"
khadas-edge2,current:edge:,ENABLE_EXTENSIONS="image-output-oowow,mesa-vpu"
armsom-sige7,legacy:vendor:,ENABLE_EXTENSIONS="v4l2loopback-dkms,mesa-vpu"
armsom-sige7,current:edge:,ENABLE_EXTENSIONS="mesa-vpu"
armsom-w3,legacy:vendor:,ENABLE_EXTENSIONS="v4l2loopback-dkms,mesa-vpu"
fxblox-rk1,legacy:vendor:,ENABLE_EXTENSIONS="v4l2loopback-dkms,mesa-vpu"
firefly-itx-3588j,legacy:vendor:,ENABLE_EXTENSIONS="v4l2loopback-dkms,mesa-vpu"
hinlink-h88k,legacy:vendor:,ENABLE_EXTENSIONS="v4l2loopback-dkms,mesa-vpu"
indiedroid-nova,current:edge:,ENABLE_EXTENSIONS="mesa-vpu"
indiedroid-nova,legacy:vendor:,ENABLE_EXTENSIONS="v4l2loopback-dkms,mesa-vpu"
inovato-quadra,current:,ENABLE_EXTENSIONS="v4l2loopback-dkms,mesa-vpu"
jethubj200,current:edge:,ENABLE_EXTENSIONS="mesa-vpu"
khadas-edge2,legacy:vendor:,ENABLE_EXTENSIONS="image-output-oowow,v4l2loopback-dkms,mesa-vpu"
mekotronics-r58-minipc,legacy:vendor:,ENABLE_EXTENSIONS="v4l2loopback-dkms,mesa-vpu"
mekotronics-r58x-4g,legacy:vendor:,ENABLE_EXTENSIONS="v4l2loopback-dkms,mesa-vpu"
mekotronics-r58x,legacy:vendor:,ENABLE_EXTENSIONS="v4l2loopback-dkms,mesa-vpu"
mekotronics-r58x-pro,legacy:vendor:,ENABLE_EXTENSIONS="v4l2loopback-dkms,mesa-vpu"
mixtile-blade3,legacy:vendor:,ENABLE_EXTENSIONS="v4l2loopback-dkms,mesa-vpu"
mixtile-blade3,current:edge:,ENABLE_EXTENSIONS="mesa-vpu"
nanopim4,current:edge:,ENABLE_EXTENSIONS="v4l2loopback-dkms,mesa-vpu"
nanopim4v2,current:edge:,ENABLE_EXTENSIONS="v4l2loopback-dkms,mesa-vpu"
nanopct4,current:edge:,ENABLE_EXTENSIONS="v4l2loopback-dkms,mesa-vpu"
nanopineo4,current:edge:,ENABLE_EXTENSIONS="v4l2loopback-dkms,mesa-vpu"
nanopi-r5c,current:edge:,ENABLE_EXTENSIONS="mesa-vpu"
nanopi-r5s,current:edge:,ENABLE_EXTENSIONS="mesa-vpu"
nanopct6,legacy:vendor:,ENABLE_EXTENSIONS="v4l2loopback-dkms,mesa-vpu"
nanopct6-lts,legacy:vendor:,ENABLE_EXTENSIONS="v4l2loopback-dkms,mesa-vpu"
nanopct6,edge:current:,ENABLE_EXTENSIONS="mesa-vpu"
nanopct6-lts,edge:current:,ENABLE_EXTENSIONS="mesa-vpu"
nanopc-cm3588-nas,legacy:vendor:,ENABLE_EXTENSIONS="v4l2loopback-dkms,mesa-vpu"
nanopc-cm3588-nas,current:edge:,ENABLE_EXTENSIONS="mesa-vpu"
nanopi-r6c,legacy:vendor:,ENABLE_EXTENSIONS="v4l2loopback-dkms,mesa-vpu"
nanopi-r6c,current:edge:,ENABLE_EXTENSIONS="mesa-vpu"
nanopi-r6s,legacy:vendor:,ENABLE_EXTENSIONS="v4l2loopback-dkms,mesa-vpu"
nanopi-r6s,current:edge:,ENABLE_EXTENSIONS="mesa-vpu"
nanopi-m6,vendor:,ENABLE_EXTENSIONS="v4l2loopback-dkms,mesa-vpu"
odroidm1,current:,ENABLE_EXTENSIONS="v4l2loopback-dkms,mesa-vpu"
odroidm1,edge:,ENABLE_EXTENSIONS="mesa-vpu"
odroidc2,current:edge:,ENABLE_EXTENSIONS="mesa-vpu"
odroidc4,current:edge:,ENABLE_EXTENSIONS="mesa-vpu"
odroidhc4,current:edge:,ENABLE_EXTENSIONS="mesa-vpu"
odroidn2,current:edge:,ENABLE_EXTENSIONS="mesa-vpu"
odroidn2l,current:edge:,ENABLE_EXTENSIONS="mesa-vpu"
orangepipc2,current:edge:,ENABLE_EXTENSIONS="v4l2loopback-dkms,mesa-vpu"
orangepi3,current:edge:,ENABLE_EXTENSIONS="v4l2loopback-dkms,mesa-vpu"
orangepi3-lts,current:edge:,ENABLE_EXTENSIONS="v4l2loopback-dkms,mesa-vpu"
orangepi4,current:edge:,ENABLE_EXTENSIONS="v4l2loopback-dkms,mesa-vpu"
orangepi4-lts,current:edge:,ENABLE_EXTENSIONS="v4l2loopback-dkms,mesa-vpu"
orangepi3b,legacy:vendor:,ENABLE_EXTENSIONS="v4l2loopback-dkms,mesa-vpu"
orangepi3b,current:edge:,ENABLE_EXTENSIONS="mesa-vpu"
orangepi5,legacy:vendor:,ENABLE_EXTENSIONS="v4l2loopback-dkms,mesa-vpu"
orangepi5,current:edge:,ENABLE_EXTENSIONS="mesa-vpu"
orangepi5-plus,legacy:vendor:,ENABLE_EXTENSIONS="v4l2loopback-dkms,mesa-vpu"
orangepi5-plus,current:edge:,ENABLE_EXTENSIONS="mesa-vpu"
orangepi5pro,current,edge:,ENABLE_EXTENSIONS="v4l2loopback-dkms,mesa-vpu"
pineh64-b,current:edge:,ENABLE_EXTENSIONS="v4l2loopback-dkms,mesa-vpu"
pineh64,current:edge:,ENABLE_EXTENSIONS="v4l2loopback-dkms,mesa-vpu"
pine64,current:edge:,ENABLE_EXTENSIONS="mesa-vpu"
pinebook-pro,current:edge:,ENABLE_EXTENSIONS="mesa-vpu"
radxa-zero,current:edge:,ENABLE_EXTENSIONS="mesa-vpu"
renegade,current:edge:,ENABLE_EXTENSIONS="mesa-vpu"
rockpi-4a,current:edge:,ENABLE_EXTENSIONS="v4l2loopback-dkms,mesa-vpu"
rockpi-4b,current:edge:,ENABLE_EXTENSIONS="v4l2loopback-dkms,mesa-vpu"
rockpi-4bplus,current:,ENABLE_EXTENSIONS="v4l2loopback-dkms,mesa-vpu"
rockpi-4c,current:edge:,ENABLE_EXTENSIONS="v4l2loopback-dkms,mesa-vpu"
rockpi-4cplus,current:edge:,ENABLE_EXTENSIONS="v4l2loopback-dkms,mesa-vpu"
rockpi-n10,current:edge:,ENABLE_EXTENSIONS="v4l2loopback-dkms,mesa-vpu"
rock-3a,current:edge:,ENABLE_EXTENSIONS="mesa-vpu"
rock-5a,vendor:current:edge:,ENABLE_EXTENSIONS="mesa-vpu"
rock-5b,vendor:current:edge:,ENABLE_EXTENSIONS="mesa-vpu"
rock-5b-plus,vendor:current:edge:,ENABLE_EXTENSIONS="mesa-vpu"
rock-5c,vendor:current:edge:,ENABLE_EXTENSIONS="mesa-vpu"
rock-5-itx,vendor:current:edge:,ENABLE_EXTENSIONS="mesa-vpu"
rock-5-cmio,vendor:,ENABLE_EXTENSIONS="v4l2loopback-dkms,mesa-vpu"
rockpro64,current:edge:,ENABLE_EXTENSIONS="mesa-vpu"
station-m3,vendor:,ENABLE_EXTENSIONS="v4l2loopback-dkms,mesa-vpu"
sweet-potato,current:edge:,ENABLE_EXTENSIONS="mesa-vpu"
bananapim7,vendor:,ENABLE_EXTENSIONS="v4l2loopback-dkms,mesa-vpu"
bananapim7,current:edge:,ENABLE_EXTENSIONS="mesa-vpu"
bananapicm4io,current:edge:,ENABLE_EXTENSIONS="mesa-vpu"
bananapim2pro,current:edge:,ENABLE_EXTENSIONS="mesa-vpu"
bananapim2s,current:edge:,ENABLE_EXTENSIONS="mesa-vpu"
bananapim4zero,current:edge:,ENABLE_EXTENSIONS="mesa-vpu"
bananapim5,current:edge:,ENABLE_EXTENSIONS="mesa-vpu"
khadas-vim1,current:edge:,ENABLE_EXTENSIONS="mesa-vpu"
khadas-vim2,current:edge:,ENABLE_EXTENSIONS="mesa-vpu"
lafrite,current:edge:,ENABLE_EXTENSIONS="mesa-vpu"
lepotato,current:edge:,ENABLE_EXTENSIONS="mesa-vpu"
tinkerboard-2,current:edge:,ENABLE_EXTENSIONS="v4l2loopback-dkms,mesa-vpu"
tinker-edge-r,current:edge:,ENABLE_EXTENSIONS="v4l2loopback-dkms,mesa-vpu"
uefi-arm64,current:edge:,ENABLE_EXTENSIONS="mesa-vpu"
uefi-x86,current:edge:,ENABLE_EXTENSIONS="mesa-vpu"
youyeetoo-r1-v3,current:,ENABLE_EXTENSIONS="mesa-vpu"
youyeetoo-r1-v3,vendor:,ENABLE_EXTENSIONS="v4l2loopback-dkms,mesa-vpu"
