khadas-vim1s,legacy:current:edge:,ENABLE_EXTENSIONS="image-output-oowow"
khadas-vim3,legacy:current:edge:,ENABLE_EXTENSIONS="image-output-oowow,v4l2loopback-dkms,mesa-oibaf"
khadas-vim3l,legacy:current:edge:,ENABLE_EXTENSIONS="image-output-oowow,v4l2loopback-dkms,mesa-oibaf"
khadas-vim4,legacy:current:edge:,ENABLE_EXTENSIONS="image-output-oowow"
khadas-edge2,current:edge:,ENABLE_EXTENSIONS="image-output-oowow,v4l2loopback-dkms,mesa-oibaf"
armsom-sige7,legacy:vendor:,ENABLE_EXTENSIONS="v4l2loopback-dkms,amazingfated-rk3588"
armsom-w3,legacy:vendor:,ENABLE_EXTENSIONS="v4l2loopback-dkms,amazingfated-rk3588"
fxblox-rk1,legacy:vendor:,ENABLE_EXTENSIONS="v4l2loopback-dkms,amazingfated-rk3588"
hinlink-h88k,legacy:vendor:,ENABLE_EXTENSIONS="v4l2loopback-dkms,amazingfated-rk3588"
indiedroid-nova,legacy:vendor:,ENABLE_EXTENSIONS="v4l2loopback-dkms,amazingfated-rk3588"
khadas-edge2,legacy:vendor:,ENABLE_EXTENSIONS="image-output-oowow,v4l2loopback-dkms,amazingfated-rk3588"
mekotronics-r58-minipc,legacy:vendor:,ENABLE_EXTENSIONS="v4l2loopback-dkms,amazingfated-rk3588"
mekotronics-r58x-4g,legacy:vendor:,ENABLE_EXTENSIONS="v4l2loopback-dkms,amazingfated-rk3588"
mekotronics-r58x,legacy:vendor:,ENABLE_EXTENSIONS="v4l2loopback-dkms,amazingfated-rk3588"
mekotronics-r58x-pro,legacy:vendor:,ENABLE_EXTENSIONS="v4l2loopback-dkms,amazingfated-rk3588"
mixtile-blade3,legacy:vendor:,ENABLE_EXTENSIONS="v4l2loopback-dkms,amazingfated-rk3588"
nanopct6,legacy:vendor:,ENABLE_EXTENSIONS="v4l2loopback-dkms,amazingfated-rk3588"
nanopi-r6s,legacy:vendor:,ENABLE_EXTENSIONS="v4l2loopback-dkms,amazingfated-rk3588"
odroidm1,current:edge:,ENABLE_EXTENSIONS="v4l2loopback-dkms,mesa-oibaf"
odroidc2,current:edge:,ENABLE_EXTENSIONS="v4l2loopback-dkms,mesa-oibaf"
odroidn2,current:edge:,ENABLE_EXTENSIONS="v4l2loopback-dkms,mesa-oibaf"
odroidn2l,current:edge:,ENABLE_EXTENSIONS="v4l2loopback-dkms,mesa-oibaf"
orangepi4-lts,current:edge:,ENABLE_EXTENSIONS="v4l2loopback-dkms,mesa-oibaf"
orangepi5,legacy:vendor:,ENABLE_EXTENSIONS="v4l2loopback-dkms,amazingfated-rk3588"
orangepi5,current:edge:,ENABLE_EXTENSIONS="v4l2loopback-dkms,mesa-oibaf"
orangepi5-plus,legacy:vendor:,ENABLE_EXTENSIONS="v4l2loopback-dkms,amazingfated-rk3588"
orangepi5-plus,current:edge:,ENABLE_EXTENSIONS="v4l2loopback-dkms,mesa-oibaf"
orangepi5pro,legacy:vendor:,ENABLE_EXTENSIONS="v4l2loopback-dkms,amazingfated-rk3588"
pine64,current:edge:,ENABLE_EXTENSIONS="v4l2loopback-dkms,mesa-oibaf"
pinebook-pro,current:edge:,ENABLE_EXTENSIONS="v4l2loopback-dkms,mesa-oibaf"
radxa-zero,current:edge:,ENABLE_EXTENSIONS="v4l2loopback-dkms,mesa-oibaf"
renegade,current:edge:,ENABLE_EXTENSIONS="v4l2loopback-dkms,mesa-oibaf"
rock-5a,current:edge:,ENABLE_EXTENSIONS="v4l2loopback-dkms,mesa-oibaf"
rock-5b,current:edge:,ENABLE_EXTENSIONS="v4l2loopback-dkms,mesa-oibaf"
rock-5c,current:edge:,ENABLE_EXTENSIONS="v4l2loopback-dkms,mesa-oibaf"
rock-5-itx,current:edge:,ENABLE_EXTENSIONS="v4l2loopback-dkms,mesa-oibaf"
rock-5a,legacy:vendor:,ENABLE_EXTENSIONS="v4l2loopback-dkms,amazingfated-rk3588"
rock-5b,legacy:vendor:,ENABLE_EXTENSIONS="v4l2loopback-dkms,amazingfated-rk3588"
rock-5c,legacy:vendor:,ENABLE_EXTENSIONS="v4l2loopback-dkms,amazingfated-rk3588"
rock-5-cmio,legacy:,ENABLE_EXTENSIONS="v4l2loopback-dkms,amazingfated-rk3588"
rock-5-itx,legacy:vendor:,ENABLE_EXTENSIONS="v4l2loopback-dkms,amazingfated-rk3588"
rockpro64,current:edge:,ENABLE_EXTENSIONS="v4l2loopback-dkms,mesa-oibaf"
station-m3,legacy:vendor:,ENABLE_EXTENSIONS="v4l2loopback-dkms,amazingfated-rk3588"
bananapim7,vendor:,ENABLE_EXTENSIONS="v4l2loopback-dkms,amazingfated-rk3588"
bananapim7,edge:,ENABLE_EXTENSIONS="v4l2loopback-dkms,mesa-oibaf"
bananapicm4io,current:edge:,ENABLE_EXTENSIONS="v4l2loopback-dkms,mesa-oibaf"
bananapim2pro,current:edge:,ENABLE_EXTENSIONS="v4l2loopback-dkms,mesa-oibaf"
bananapim2s,current:edge:,ENABLE_EXTENSIONS="v4l2loopback-dkms,mesa-oibaf"
bananapim4zero,current:edge:,ENABLE_EXTENSIONS="v4l2loopback-dkms,mesa-oibaf"
bananapim5,current:edge:,ENABLE_EXTENSIONS="v4l2loopback-dkms,mesa-oibaf"
khadas-vim1,current:edge:,ENABLE_EXTENSIONS="v4l2loopback-dkms,mesa-oibaf"
khadas-vim2,current:edge:,ENABLE_EXTENSIONS="v4l2loopback-dkms,mesa-oibaf"
lafrite,current:edge:,ENABLE_EXTENSIONS="v4l2loopback-dkms,mesa-oibaf"
lepotato,current:edge:,ENABLE_EXTENSIONS="v4l2loopback-dkms,mesa-oibaf"
uefi-arm64,current:edge:,ENABLE_EXTENSIONS="v4l2loopback-dkms,mesa-oibaf"
uefi-x86,current:edge:,ENABLE_EXTENSIONS="v4l2loopback-dkms,mesa-oibaf"
